11:16:09 **** Build of project standalone_bsp_0 ****
make -k all 
libgen -hw ../Snake_New_hw_platform/system.xml\
	       \
	       -pe microblaze_0 \
	       -log libgen.log \
	       system.mss
libgen
Xilinx EDK 14.7 Build EDK_P.20131013
Copyright (c) 1995-2012 Xilinx, Inc.  All rights reserved.

Command Line: libgen -hw ../Snake_New_hw_platform/system.xml -pe microblaze_0
-log libgen.log system.mss 


Staging source files.
Running DRCs.
Running generate.
Running post_generate.
Running include - 'make -s include "COMPILER=mb-gcc" "ARCHIVER=mb-ar"
"COMPILER_FLAGS=-mlittle-endian -mno-xl-soft-mul -mxl-barrel-shift
-mxl-pattern-compare -mcpu=v8.50.c  -O2 -c" "EXTRA_COMPILER_FLAGS=-g
-ffunction-sections -fdata-sections"'.

Running libs - 'make -s libs "COMPILER=mb-gcc" "ARCHIVER=mb-ar"
"COMPILER_FLAGS=-mlittle-endian -mno-xl-soft-mul -mxl-barrel-shift
-mxl-pattern-compare -mcpu=v8.50.c  -O2 -c" "EXTRA_COMPILER_FLAGS=-g
-ffunction-sections -fdata-sections"'.
"Compiling common"
"Compiling standalone";
"Compiling intc"
"Compiling gpio"
"Compiling uartlite"
"Compiling bram"
"Compiling tft"
"Compiling cpu"
Running execs_generate.
'Finished building libraries'

**** Build of configuration Debug for project Snake ****

Nothing to build for project Snake
11:18:37 **** Auto Build of configuration Debug for project Snake ****
make all 
'Building file: ../src/snake.c'
'Invoking: MicroBlaze gcc compiler'
mb-gcc -Wall -O0 -g3 -c -fmessage-length=0 -I../../standalone_bsp_0/microblaze_0/include -mlittle-endian -mxl-barrel-shift -mxl-pattern-compare -mcpu=v8.50.c -mno-xl-soft-mul -Wl,--no-relax -ffunction-sections -fdata-sections -MMD -MP -MF"src/snake.d" -MT"src/snake.d" -o "src/snake.o" "../src/snake.c"
'Finished building: ../src/snake.c'
' '
'Building target: Snake.elf'
'Invoking: MicroBlaze gcc linker'
mb-gcc -Wl,-T -Wl,../src/lscript.ld -L../../standalone_bsp_0/microblaze_0/lib -mlittle-endian -mxl-barrel-shift -mxl-pattern-compare -mcpu=v8.50.c -mno-xl-soft-mul -Wl,--no-relax -Wl,--gc-sections -o "Snake.elf"  ./src/snake.o   -Wl,--start-group,-lxil,-lgcc,-lc,--end-group
c:/xilinx/14.7/ise_ds/edk/gnu/microblaze/nt/bin/../lib/gcc/microblaze-xilinx-elf/4.6.4/../../../../microblaze-xilinx-elf/lib/bs/m/le/crtinit.o: In function `_crtinit':
/wrk/ptx/users/nagaraju/GCC_2013_03/newlib/libgloss/microblaze/crtinit.S:69: undefined reference to `main'
collect2: ld returned 1 exit status
make: *** [Snake.elf] ´íÎó 1
11:36:17 **** Auto Build of configuration Debug for project Snake ****
make all 
'Building file: ../src/snake.c'
'Invoking: MicroBlaze gcc compiler'
mb-gcc -Wall -O0 -g3 -c -fmessage-length=0 -I../../standalone_bsp_0/microblaze_0/include -mlittle-endian -mxl-barrel-shift -mxl-pattern-compare -mcpu=v8.50.c -mno-xl-soft-mul -Wl,--no-relax -ffunction-sections -fdata-sections -MMD -MP -MF"src/snake.d" -MT"src/snake.d" -o "src/snake.o" "../src/snake.c"
../src/snake.c: In function 'SwithHandler':
../src/snake.c:89:2: error: 'states2' undeclared (first use in this function)
../src/snake.c:89:2: note: each undeclared identifier is reported only once for each function it appears in
../src/snake.c: In function 'gaming':
../src/snake.c:294:3: warning: suggest parentheses around assignment used as truth value [-Wparentheses]
make: *** [src/snake.o] ´íÎó 1
11:36:46 **** Auto Build of configuration Debug for project Snake ****
make all 
'Building file: ../src/snake.c'
'Invoking: MicroBlaze gcc compiler'
mb-gcc -Wall -O0 -g3 -c -fmessage-length=0 -I../../standalone_bsp_0/microblaze_0/include -mlittle-endian -mxl-barrel-shift -mxl-pattern-compare -mcpu=v8.50.c -mno-xl-soft-mul -Wl,--no-relax -ffunction-sections -fdata-sections -MMD -MP -MF"src/snake.d" -MT"src/snake.d" -o "src/snake.o" "../src/snake.c"
../src/snake.c: In function 'gaming':
../src/snake.c:294:3: warning: suggest parentheses around assignment used as truth value [-Wparentheses]
'Finished building: ../src/snake.c'
' '
'Building target: Snake.elf'
'Invoking: MicroBlaze gcc linker'
mb-gcc -Wl,-T -Wl,../src/lscript.ld -L../../standalone_bsp_0/microblaze_0/lib -mlittle-endian -mxl-barrel-shift -mxl-pattern-compare -mcpu=v8.50.c -mno-xl-soft-mul -Wl,--no-relax -Wl,--gc-sections -o "Snake.elf"  ./src/snake.o   -Wl,--start-group,-lxil,-lgcc,-lc,--end-group
'Finished building target: Snake.elf'
' '
'Invoking: MicroBlaze Print Size'
mb-size Snake.elf  |tee "Snake.elf.size"
   text	   data	    bss	    dec	    hex	filename
  14562	   1424	   2384	  18370	   47c2	Snake.elf
'Finished building: Snake.elf.size'
' '
'Invoking: Xilinx ELF Check'
elfcheck Snake.elf -hw ../../Snake_New_hw_platform/system.xml -pe microblaze_0  |tee "Snake.elf.elfcheck"
elfcheck
Xilinx EDK 14.7 Build EDK_P.20131013
Copyright (c) 1995-2012 Xilinx, Inc.  All rights reserved.

Command Line: elfcheck -hw ../../Snake_New_hw_platform/system.xml -pe
microblaze_0 Snake.elf 

ELF file	: Snake.elf
elfcheck passed.
'Finished building: Snake.elf.elfcheck'
' '
11:37:04 **** Clean-only build of configuration Debug for project Snake ****
make clean 
rm -rf  ./src/snake.o  ./src/snake.d  Snake.elf.size  Snake.elf.elfcheck  Snake.elf
' '
11:37:04 **** Auto Build of configuration Debug for project Snake ****
make all 
'Building file: ../src/snake.c'
'Invoking: MicroBlaze gcc compiler'
mb-gcc -Wall -O0 -g3 -c -fmessage-length=0 -I../../standalone_bsp_0/microblaze_0/include -mlittle-endian -mxl-barrel-shift -mxl-pattern-compare -mcpu=v8.50.c -mno-xl-soft-mul -Wl,--no-relax -ffunction-sections -fdata-sections -MMD -MP -MF"src/snake.d" -MT"src/snake.d" -o "src/snake.o" "../src/snake.c"
../src/snake.c: In function 'gaming':
../src/snake.c:294:3: warning: suggest parentheses around assignment used as truth value [-Wparentheses]
'Finished building: ../src/snake.c'
' '
'Building target: Snake.elf'
'Invoking: MicroBlaze gcc linker'
mb-gcc -Wl,-T -Wl,../src/lscript.ld -L../../standalone_bsp_0/microblaze_0/lib -mlittle-endian -mxl-barrel-shift -mxl-pattern-compare -mcpu=v8.50.c -mno-xl-soft-mul -Wl,--no-relax -Wl,--gc-sections -o "Snake.elf"  ./src/snake.o   -Wl,--start-group,-lxil,-lgcc,-lc,--end-group
'Finished building target: Snake.elf'
' '
'Invoking: MicroBlaze Print Size'
mb-size Snake.elf  |tee "Snake.elf.size"
   text	   data	    bss	    dec	    hex	filename
  14562	   1424	   2390	  18376	   47c8	Snake.elf
'Finished building: Snake.elf.size'
' '
'Invoking: Xilinx ELF Check'
elfcheck Snake.elf -hw ../../Snake_New_hw_platform/system.xml -pe microblaze_0  |tee "Snake.elf.elfcheck"
elfcheck
Xilinx EDK 14.7 Build EDK_P.20131013
Copyright (c) 1995-2012 Xilinx, Inc.  All rights reserved.

Command Line: elfcheck -hw ../../Snake_New_hw_platform/system.xml -pe
microblaze_0 Snake.elf 

ELF file	: Snake.elf
elfcheck passed.
'Finished building: Snake.elf.elfcheck'
' '
12:42:53 **** Auto Build of configuration Debug for project Snake ****
make all 
'Building file: ../src/snake.c'
'Invoking: MicroBlaze gcc compiler'
mb-gcc -Wall -O0 -g3 -c -fmessage-length=0 -I../../standalone_bsp_0/microblaze_0/include -mlittle-endian -mxl-barrel-shift -mxl-pattern-compare -mcpu=v8.50.c -mno-xl-soft-mul -Wl,--no-relax -ffunction-sections -fdata-sections -MMD -MP -MF"src/snake.d" -MT"src/snake.d" -o "src/snake.o" "../src/snake.c"
../src/snake.c: In function 'gaming':
../src/snake.c:309:3: warning: suggest parentheses around assignment used as truth value [-Wparentheses]
'Finished building: ../src/snake.c'
' '
'Building target: Snake.elf'
'Invoking: MicroBlaze gcc linker'
mb-gcc -Wl,-T -Wl,../src/lscript.ld -L../../standalone_bsp_0/microblaze_0/lib -mlittle-endian -mxl-barrel-shift -mxl-pattern-compare -mcpu=v8.50.c -mno-xl-soft-mul -Wl,--no-relax -Wl,--gc-sections -o "Snake.elf"  ./src/snake.o   -Wl,--start-group,-lxil,-lgcc,-lc,--end-group
'Finished building target: Snake.elf'
' '
'Invoking: MicroBlaze Print Size'
mb-size Snake.elf  |tee "Snake.elf.size"
   text	   data	    bss	    dec	    hex	filename
  16520	   1424	   2384	  20328	   4f68	Snake.elf
'Finished building: Snake.elf.size'
' '
'Invoking: Xilinx ELF Check'
elfcheck Snake.elf -hw ../../Snake_New_hw_platform/system.xml -pe microblaze_0  |tee "Snake.elf.elfcheck"
elfcheck
Xilinx EDK 14.7 Build EDK_P.20131013
Copyright (c) 1995-2012 Xilinx, Inc.  All rights reserved.

Command Line: elfcheck -hw ../../Snake_New_hw_platform/system.xml -pe
microblaze_0 Snake.elf 

ELF file	: Snake.elf
elfcheck passed.
'Finished building: Snake.elf.elfcheck'
' '
13:57:21 **** Auto Build of configuration Debug for project Snake ****
make all 
make: Nothing to be done for `all'.
13:58:11 **** Auto Build of configuration Debug for project Snake ****
make all 
'Building file: ../src/snake.c'
'Invoking: MicroBlaze gcc compiler'
mb-gcc -Wall -O0 -g3 -c -fmessage-length=0 -I../../standalone_bsp_0/microblaze_0/include -mlittle-endian -mxl-barrel-shift -mxl-pattern-compare -mcpu=v8.50.c -mno-xl-soft-mul -Wl,--no-relax -ffunction-sections -fdata-sections -MMD -MP -MF"src/snake.d" -MT"src/snake.d" -o "src/snake.o" "../src/snake.c"
../src/snake.c: In function 'gaming':
../src/snake.c:309:3: warning: suggest parentheses around assignment used as truth value [-Wparentheses]
'Finished building: ../src/snake.c'
' '
'Building target: Snake.elf'
'Invoking: MicroBlaze gcc linker'
mb-gcc -Wl,-T -Wl,../src/lscript.ld -L../../standalone_bsp_0/microblaze_0/lib -mlittle-endian -mxl-barrel-shift -mxl-pattern-compare -mcpu=v8.50.c -mno-xl-soft-mul -Wl,--no-relax -Wl,--gc-sections -o "Snake.elf"  ./src/snake.o   -Wl,--start-group,-lxil,-lgcc,-lc,--end-group
c:/xilinx/14.7/ise_ds/edk/gnu/microblaze/nt/bin/../lib/gcc/microblaze-xilinx-elf/4.6.4/../../../../microblaze-xilinx-elf/bin/ld.exe: Snake.elf section `.rodata' will not fit in region `microblaze_0_i_bram_ctrl_microblaze_0_d_bram_ctrl'
c:/xilinx/14.7/ise_ds/edk/gnu/microblaze/nt/bin/../lib/gcc/microblaze-xilinx-elf/4.6.4/../../../../microblaze-xilinx-elf/bin/ld.exe: region `microblaze_0_i_bram_ctrl_microblaze_0_d_bram_ctrl' overflowed by 260840 bytes
collect2: ld returned 1 exit status
make: *** [Snake.elf] ´íÎó 1
14:00:25 **** Auto Build of configuration Debug for project Snake ****
make all 
'Building file: ../src/snake.c'
'Invoking: MicroBlaze gcc compiler'
mb-gcc -Wall -O0 -g3 -c -fmessage-length=0 -I../../standalone_bsp_0/microblaze_0/include -mlittle-endian -mxl-barrel-shift -mxl-pattern-compare -mcpu=v8.50.c -mno-xl-soft-mul -Wl,--no-relax -ffunction-sections -fdata-sections -MMD -MP -MF"src/snake.d" -MT"src/snake.d" -o "src/snake.o" "../src/snake.c"
../src/snake.c: In function 'gaming':
../src/snake.c:309:3: warning: suggest parentheses around assignment used as truth value [-Wparentheses]
'Finished building: ../src/snake.c'
' '
'Building target: Snake.elf'
'Invoking: MicroBlaze gcc linker'
mb-gcc -Wl,-T -Wl,../src/lscript.ld -L../../standalone_bsp_0/microblaze_0/lib -mlittle-endian -mxl-barrel-shift -mxl-pattern-compare -mcpu=v8.50.c -mno-xl-soft-mul -Wl,--no-relax -Wl,--gc-sections -o "Snake.elf"  ./src/snake.o   -Wl,--start-group,-lxil,-lgcc,-lc,--end-group
'Finished building target: Snake.elf'
' '
'Invoking: MicroBlaze Print Size'
mb-size Snake.elf  |tee "Snake.elf.size"
   text	   data	    bss	    dec	    hex	filename
  14562	   1424	   2390	  18376	   47c8	Snake.elf
'Finished building: Snake.elf.size'
' '
'Invoking: Xilinx ELF Check'
elfcheck Snake.elf -hw ../../Snake_New_hw_platform/system.xml -pe microblaze_0  |tee "Snake.elf.elfcheck"
elfcheck
Xilinx EDK 14.7 Build EDK_P.20131013
Copyright (c) 1995-2012 Xilinx, Inc.  All rights reserved.

Command Line: elfcheck -hw ../../Snake_New_hw_platform/system.xml -pe
microblaze_0 Snake.elf 

ELF file	: Snake.elf
elfcheck passed.
'Finished building: Snake.elf.elfcheck'
' '
14:01:42 **** Auto Build of project standalone_bsp_0 ****
make -k all 
'Finished building libraries'
14:04:25 **** Auto Build of configuration Debug for project Snake ****
make all 
'Building file: ../src/snake.c'
'Invoking: MicroBlaze gcc compiler'
mb-gcc -Wall -O0 -g3 -c -fmessage-length=0 -I../../standalone_bsp_0/microblaze_0/include -mlittle-endian -mxl-barrel-shift -mxl-pattern-compare -mcpu=v8.50.c -mno-xl-soft-mul -Wl,--no-relax -ffunction-sections -fdata-sections -MMD -MP -MF"src/snake.d" -MT"src/snake.d" -o "src/snake.o" "../src/snake.c"
../src/snake.c: In function 'gaming':
../src/snake.c:309:3: warning: suggest parentheses around assignment used as truth value [-Wparentheses]
'Finished building: ../src/snake.c'
' '
'Building target: Snake.elf'
'Invoking: MicroBlaze gcc linker'
mb-gcc -Wl,-T -Wl,../src/lscript.ld -L../../standalone_bsp_0/microblaze_0/lib -mlittle-endian -mxl-barrel-shift -mxl-pattern-compare -mcpu=v8.50.c -mno-xl-soft-mul -Wl,--no-relax -Wl,--gc-sections -o "Snake.elf"  ./src/snake.o   -Wl,--start-group,-lxil,-lgcc,-lc,--end-group
'Finished building target: Snake.elf'
' '
'Invoking: MicroBlaze Print Size'
mb-size Snake.elf  |tee "Snake.elf.size"
   text	   data	    bss	    dec	    hex	filename
  14562	   1424	   2390	  18376	   47c8	Snake.elf
'Finished building: Snake.elf.size'
' '
'Invoking: Xilinx ELF Check'
elfcheck Snake.elf -hw ../../Snake_New_hw_platform/system.xml -pe microblaze_0  |tee "Snake.elf.elfcheck"
elfcheck
Xilinx EDK 14.7 Build EDK_P.20131013
Copyright (c) 1995-2012 Xilinx, Inc.  All rights reserved.

Command Line: elfcheck -hw ../../Snake_New_hw_platform/system.xml -pe
microblaze_0 Snake.elf 

ELF file	: Snake.elf
elfcheck passed.
'Finished building: Snake.elf.elfcheck'
' '
14:07:58 **** Auto Build of project standalone_bsp_0 ****
make -k all 
'Finished building libraries'
14:10:44 **** Auto Build of project standalone_bsp_0 ****
make -k all 
'Finished building libraries'
14:13:51 **** Auto Build of project standalone_bsp_0 ****
make -k all 
'Finished building libraries'
14:40:34 **** Auto Build of configuration Debug for project Snake ****
make all 
make: Nothing to be done for `all'.
14:40:53 **** Auto Build of configuration Debug for project Snake ****
make all 
'Building file: ../src/snake.c'
'Invoking: MicroBlaze gcc compiler'
mb-gcc -Wall -O0 -g3 -c -fmessage-length=0 -I../../standalone_bsp_0/microblaze_0/include -mlittle-endian -mxl-barrel-shift -mxl-pattern-compare -mcpu=v8.50.c -mno-xl-soft-mul -Wl,--no-relax -ffunction-sections -fdata-sections -MMD -MP -MF"src/snake.d" -MT"src/snake.d" -o "src/snake.o" "../src/snake.c"
../src/snake.c: In function 'gaming':
../src/snake.c:309:3: warning: suggest parentheses around assignment used as truth value [-Wparentheses]
'Finished building: ../src/snake.c'
' '
'Building target: Snake.elf'
'Invoking: MicroBlaze gcc linker'
mb-gcc -Wl,-T -Wl,../src/lscript.ld -L../../standalone_bsp_0/microblaze_0/lib -mlittle-endian -mxl-barrel-shift -mxl-pattern-compare -mcpu=v8.50.c -mno-xl-soft-mul -Wl,--no-relax -Wl,--gc-sections -o "Snake.elf"  ./src/snake.o   -Wl,--start-group,-lxil,-lgcc,-lc,--end-group
'Finished building target: Snake.elf'
' '
'Invoking: MicroBlaze Print Size'
mb-size Snake.elf  |tee "Snake.elf.size"
   text	   data	    bss	    dec	    hex	filename
  48256	   1424	   2384	  52064	   cb60	Snake.elf
'Finished building: Snake.elf.size'
' '
'Invoking: Xilinx ELF Check'
elfcheck Snake.elf -hw ../../Snake_New_hw_platform/system.xml -pe microblaze_0  |tee "Snake.elf.elfcheck"
elfcheck
Xilinx EDK 14.7 Build EDK_P.20131013
Copyright (c) 1995-2012 Xilinx, Inc.  All rights reserved.

Command Line: elfcheck -hw ../../Snake_New_hw_platform/system.xml -pe
microblaze_0 Snake.elf 

ELF file	: Snake.elf
elfcheck passed.
'Finished building: Snake.elf.elfcheck'
' '
14:41:14 **** Auto Build of project standalone_bsp_0 ****
make -k all 
'Finished building libraries'
14:42:55 **** Auto Build of configuration Debug for project Snake ****
make all 
'Building file: ../src/snake.c'
'Invoking: MicroBlaze gcc compiler'
mb-gcc -Wall -O0 -g3 -c -fmessage-length=0 -I../../standalone_bsp_0/microblaze_0/include -mlittle-endian -mxl-barrel-shift -mxl-pattern-compare -mcpu=v8.50.c -mno-xl-soft-mul -Wl,--no-relax -ffunction-sections -fdata-sections -MMD -MP -MF"src/snake.d" -MT"src/snake.d" -o "src/snake.o" "../src/snake.c"
../src/snake.c: In function 'gaming':
../src/snake.c:309:3: warning: suggest parentheses around assignment used as truth value [-Wparentheses]
'Finished building: ../src/snake.c'
' '
'Building target: Snake.elf'
'Invoking: MicroBlaze gcc linker'
mb-gcc -Wl,-T -Wl,../src/lscript.ld -L../../standalone_bsp_0/microblaze_0/lib -mlittle-endian -mxl-barrel-shift -mxl-pattern-compare -mcpu=v8.50.c -mno-xl-soft-mul -Wl,--no-relax -Wl,--gc-sections -o "Snake.elf"  ./src/snake.o   -Wl,--start-group,-lxil,-lgcc,-lc,--end-group
'Finished building target: Snake.elf'
' '
'Invoking: MicroBlaze Print Size'
mb-size Snake.elf  |tee "Snake.elf.size"
   text	   data	    bss	    dec	    hex	filename
  48236	   1424	   2388	  52048	   cb50	Snake.elf
'Finished building: Snake.elf.size'
' '
'Invoking: Xilinx ELF Check'
elfcheck Snake.elf -hw ../../Snake_New_hw_platform/system.xml -pe microblaze_0  |tee "Snake.elf.elfcheck"
elfcheck
Xilinx EDK 14.7 Build EDK_P.20131013
Copyright (c) 1995-2012 Xilinx, Inc.  All rights reserved.

Command Line: elfcheck -hw ../../Snake_New_hw_platform/system.xml -pe
microblaze_0 Snake.elf 

ELF file	: Snake.elf
elfcheck passed.
'Finished building: Snake.elf.elfcheck'
' '
14:43:16 **** Auto Build of project standalone_bsp_0 ****
make -k all 
'Finished building libraries'
14:45:50 **** Auto Build of configuration Debug for project Snake ****
make all 
'Building file: ../src/snake.c'
'Invoking: MicroBlaze gcc compiler'
mb-gcc -Wall -O0 -g3 -c -fmessage-length=0 -I../../standalone_bsp_0/microblaze_0/include -mlittle-endian -mxl-barrel-shift -mxl-pattern-compare -mcpu=v8.50.c -mno-xl-soft-mul -Wl,--no-relax -ffunction-sections -fdata-sections -MMD -MP -MF"src/snake.d" -MT"src/snake.d" -o "src/snake.o" "../src/snake.c"
../src/snake.c: In function 'gaming':
../src/snake.c:310:3: warning: suggest parentheses around assignment used as truth value [-Wparentheses]
'Finished building: ../src/snake.c'
' '
'Building target: Snake.elf'
'Invoking: MicroBlaze gcc linker'
mb-gcc -Wl,-T -Wl,../src/lscript.ld -L../../standalone_bsp_0/microblaze_0/lib -mlittle-endian -mxl-barrel-shift -mxl-pattern-compare -mcpu=v8.50.c -mno-xl-soft-mul -Wl,--no-relax -Wl,--gc-sections -o "Snake.elf"  ./src/snake.o   -Wl,--start-group,-lxil,-lgcc,-lc,--end-group
'Finished building target: Snake.elf'
' '
'Invoking: MicroBlaze Print Size'
mb-size Snake.elf  |tee "Snake.elf.size"
   text	   data	    bss	    dec	    hex	filename
  48256	   1424	   2384	  52064	   cb60	Snake.elf
'Finished building: Snake.elf.size'
' '
'Invoking: Xilinx ELF Check'
elfcheck Snake.elf -hw ../../Snake_New_hw_platform/system.xml -pe microblaze_0  |tee "Snake.elf.elfcheck"
elfcheck
Xilinx EDK 14.7 Build EDK_P.20131013
Copyright (c) 1995-2012 Xilinx, Inc.  All rights reserved.

Command Line: elfcheck -hw ../../Snake_New_hw_platform/system.xml -pe
microblaze_0 Snake.elf 

ELF file	: Snake.elf
elfcheck passed.
'Finished building: Snake.elf.elfcheck'
' '
14:46:10 **** Auto Build of project standalone_bsp_0 ****
make -k all 
'Finished building libraries'
14:46:52 **** Auto Build of configuration Debug for project Snake ****
make all 
'Building file: ../src/snake.c'
'Invoking: MicroBlaze gcc compiler'
mb-gcc -Wall -O0 -g3 -c -fmessage-length=0 -I../../standalone_bsp_0/microblaze_0/include -mlittle-endian -mxl-barrel-shift -mxl-pattern-compare -mcpu=v8.50.c -mno-xl-soft-mul -Wl,--no-relax -ffunction-sections -fdata-sections -MMD -MP -MF"src/snake.d" -MT"src/snake.d" -o "src/snake.o" "../src/snake.c"
../src/snake.c: In function 'gaming':
../src/snake.c:310:3: warning: suggest parentheses around assignment used as truth value [-Wparentheses]
'Finished building: ../src/snake.c'
' '
'Building target: Snake.elf'
'Invoking: MicroBlaze gcc linker'
mb-gcc -Wl,-T -Wl,../src/lscript.ld -L../../standalone_bsp_0/microblaze_0/lib -mlittle-endian -mxl-barrel-shift -mxl-pattern-compare -mcpu=v8.50.c -mno-xl-soft-mul -Wl,--no-relax -Wl,--gc-sections -o "Snake.elf"  ./src/snake.o   -Wl,--start-group,-lxil,-lgcc,-lc,--end-group
'Finished building target: Snake.elf'
' '
'Invoking: MicroBlaze Print Size'
mb-size Snake.elf  |tee "Snake.elf.size"
   text	   data	    bss	    dec	    hex	filename
  48256	   1424	   2384	  52064	   cb60	Snake.elf
'Finished building: Snake.elf.size'
' '
'Invoking: Xilinx ELF Check'
elfcheck Snake.elf -hw ../../Snake_New_hw_platform/system.xml -pe microblaze_0  |tee "Snake.elf.elfcheck"
elfcheck
Xilinx EDK 14.7 Build EDK_P.20131013
Copyright (c) 1995-2012 Xilinx, Inc.  All rights reserved.

Command Line: elfcheck -hw ../../Snake_New_hw_platform/system.xml -pe
microblaze_0 Snake.elf 

ELF file	: Snake.elf
elfcheck passed.
'Finished building: Snake.elf.elfcheck'
' '
14:47:12 **** Auto Build of project standalone_bsp_0 ****
make -k all 
'Finished building libraries'
14:47:32 **** Auto Build of project standalone_bsp_0 ****
make -k all 
'Finished building libraries'
14:48:24 **** Auto Build of configuration Debug for project Snake ****
make all 
'Building file: ../src/snake.c'
'Invoking: MicroBlaze gcc compiler'
mb-gcc -Wall -O0 -g3 -c -fmessage-length=0 -I../../standalone_bsp_0/microblaze_0/include -mlittle-endian -mxl-barrel-shift -mxl-pattern-compare -mcpu=v8.50.c -mno-xl-soft-mul -Wl,--no-relax -ffunction-sections -fdata-sections -MMD -MP -MF"src/snake.d" -MT"src/snake.d" -o "src/snake.o" "../src/snake.c"
../src/snake.c: In function 'gaming':
../src/snake.c:310:3: warning: suggest parentheses around assignment used as truth value [-Wparentheses]
'Finished building: ../src/snake.c'
' '
'Building target: Snake.elf'
'Invoking: MicroBlaze gcc linker'
mb-gcc -Wl,-T -Wl,../src/lscript.ld -L../../standalone_bsp_0/microblaze_0/lib -mlittle-endian -mxl-barrel-shift -mxl-pattern-compare -mcpu=v8.50.c -mno-xl-soft-mul -Wl,--no-relax -Wl,--gc-sections -o "Snake.elf"  ./src/snake.o   -Wl,--start-group,-lxil,-lgcc,-lc,--end-group
'Finished building target: Snake.elf'
' '
'Invoking: MicroBlaze Print Size'
mb-size Snake.elf  |tee "Snake.elf.size"
   text	   data	    bss	    dec	    hex	filename
  48256	   1424	   2384	  52064	   cb60	Snake.elf
'Finished building: Snake.elf.size'
' '
'Invoking: Xilinx ELF Check'
elfcheck Snake.elf -hw ../../Snake_New_hw_platform/system.xml -pe microblaze_0  |tee "Snake.elf.elfcheck"
elfcheck
Xilinx EDK 14.7 Build EDK_P.20131013
Copyright (c) 1995-2012 Xilinx, Inc.  All rights reserved.

Command Line: elfcheck -hw ../../Snake_New_hw_platform/system.xml -pe
microblaze_0 Snake.elf 

ELF file	: Snake.elf
elfcheck passed.
'Finished building: Snake.elf.elfcheck'
' '
14:48:48 **** Auto Build of project standalone_bsp_0 ****
make -k all 
'Finished building libraries'
14:49:19 **** Auto Build of configuration Debug for project Snake ****
make all 
'Building file: ../src/snake.c'
'Invoking: MicroBlaze gcc compiler'
mb-gcc -Wall -O0 -g3 -c -fmessage-length=0 -I../../standalone_bsp_0/microblaze_0/include -mlittle-endian -mxl-barrel-shift -mxl-pattern-compare -mcpu=v8.50.c -mno-xl-soft-mul -Wl,--no-relax -ffunction-sections -fdata-sections -MMD -MP -MF"src/snake.d" -MT"src/snake.d" -o "src/snake.o" "../src/snake.c"
../src/snake.c: In function 'gaming':
../src/snake.c:310:3: warning: suggest parentheses around assignment used as truth value [-Wparentheses]
'Finished building: ../src/snake.c'
' '
'Building target: Snake.elf'
'Invoking: MicroBlaze gcc linker'
mb-gcc -Wl,-T -Wl,../src/lscript.ld -L../../standalone_bsp_0/microblaze_0/lib -mlittle-endian -mxl-barrel-shift -mxl-pattern-compare -mcpu=v8.50.c -mno-xl-soft-mul -Wl,--no-relax -Wl,--gc-sections -o "Snake.elf"  ./src/snake.o   -Wl,--start-group,-lxil,-lgcc,-lc,--end-group
'Finished building target: Snake.elf'
' '
'Invoking: MicroBlaze Print Size'
mb-size Snake.elf  |tee "Snake.elf.size"
   text	   data	    bss	    dec	    hex	filename
  48256	   1424	   2384	  52064	   cb60	Snake.elf
'Finished building: Snake.elf.size'
' '
'Invoking: Xilinx ELF Check'
elfcheck Snake.elf -hw ../../Snake_New_hw_platform/system.xml -pe microblaze_0  |tee "Snake.elf.elfcheck"
elfcheck
Xilinx EDK 14.7 Build EDK_P.20131013
Copyright (c) 1995-2012 Xilinx, Inc.  All rights reserved.

Command Line: elfcheck -hw ../../Snake_New_hw_platform/system.xml -pe
microblaze_0 Snake.elf 

ELF file	: Snake.elf
elfcheck passed.
'Finished building: Snake.elf.elfcheck'
' '
14:49:39 **** Auto Build of project standalone_bsp_0 ****
make -k all 
'Finished building libraries'
15:03:30 **** Auto Build of project standalone_bsp_0 ****
make -k all 
'Finished building libraries'
15:10:34 **** Auto Build of project standalone_bsp_0 ****
make -k all 
'Finished building libraries'
15:12:36 **** Auto Build of configuration Debug for project Snake ****
make all 
'Building file: ../src/snake.c'
'Invoking: MicroBlaze gcc compiler'
mb-gcc -Wall -O0 -g3 -c -fmessage-length=0 -I../../standalone_bsp_0/microblaze_0/include -mlittle-endian -mxl-barrel-shift -mxl-pattern-compare -mcpu=v8.50.c -mno-xl-soft-mul -Wl,--no-relax -ffunction-sections -fdata-sections -MMD -MP -MF"src/snake.d" -MT"src/snake.d" -o "src/snake.o" "../src/snake.c"
../src/snake.c: In function 'gaming':
../src/snake.c:310:3: warning: suggest parentheses around assignment used as truth value [-Wparentheses]
'Finished building: ../src/snake.c'
' '
'Building target: Snake.elf'
'Invoking: MicroBlaze gcc linker'
mb-gcc -Wl,-T -Wl,../src/lscript.ld -L../../standalone_bsp_0/microblaze_0/lib -mlittle-endian -mxl-barrel-shift -mxl-pattern-compare -mcpu=v8.50.c -mno-xl-soft-mul -Wl,--no-relax -Wl,--gc-sections -o "Snake.elf"  ./src/snake.o   -Wl,--start-group,-lxil,-lgcc,-lc,--end-group
'Finished building target: Snake.elf'
' '
'Invoking: MicroBlaze Print Size'
mb-size Snake.elf  |tee "Snake.elf.size"
   text	   data	    bss	    dec	    hex	filename
  47680	   1424	   2384	  51488	   c920	Snake.elf
'Finished building: Snake.elf.size'
' '
'Invoking: Xilinx ELF Check'
elfcheck Snake.elf -hw ../../Snake_New_hw_platform/system.xml -pe microblaze_0  |tee "Snake.elf.elfcheck"
elfcheck
Xilinx EDK 14.7 Build EDK_P.20131013
Copyright (c) 1995-2012 Xilinx, Inc.  All rights reserved.

Command Line: elfcheck -hw ../../Snake_New_hw_platform/system.xml -pe
microblaze_0 Snake.elf 

ELF file	: Snake.elf
elfcheck passed.
'Finished building: Snake.elf.elfcheck'
' '
15:13:00 **** Auto Build of project standalone_bsp_0 ****
make -k all 
'Finished building libraries'
15:14:25 **** Auto Build of configuration Debug for project Snake ****
make all 
'Building file: ../src/snake.c'
'Invoking: MicroBlaze gcc compiler'
mb-gcc -Wall -O0 -g3 -c -fmessage-length=0 -I../../standalone_bsp_0/microblaze_0/include -mlittle-endian -mxl-barrel-shift -mxl-pattern-compare -mcpu=v8.50.c -mno-xl-soft-mul -Wl,--no-relax -ffunction-sections -fdata-sections -MMD -MP -MF"src/snake.d" -MT"src/snake.d" -o "src/snake.o" "../src/snake.c"
../src/snake.c: In function 'gaming':
../src/snake.c:310:3: warning: suggest parentheses around assignment used as truth value [-Wparentheses]
'Finished building: ../src/snake.c'
' '
'Building target: Snake.elf'
'Invoking: MicroBlaze gcc linker'
mb-gcc -Wl,-T -Wl,../src/lscript.ld -L../../standalone_bsp_0/microblaze_0/lib -mlittle-endian -mxl-barrel-shift -mxl-pattern-compare -mcpu=v8.50.c -mno-xl-soft-mul -Wl,--no-relax -Wl,--gc-sections -o "Snake.elf"  ./src/snake.o   -Wl,--start-group,-lxil,-lgcc,-lc,--end-group
'Finished building target: Snake.elf'
' '
'Invoking: MicroBlaze Print Size'
mb-size Snake.elf  |tee "Snake.elf.size"
   text	   data	    bss	    dec	    hex	filename
  47688	   1424	   2384	  51496	   c928	Snake.elf
'Finished building: Snake.elf.size'
' '
'Invoking: Xilinx ELF Check'
elfcheck Snake.elf -hw ../../Snake_New_hw_platform/system.xml -pe microblaze_0  |tee "Snake.elf.elfcheck"
elfcheck
Xilinx EDK 14.7 Build EDK_P.20131013
Copyright (c) 1995-2012 Xilinx, Inc.  All rights reserved.

Command Line: elfcheck -hw ../../Snake_New_hw_platform/system.xml -pe
microblaze_0 Snake.elf 

ELF file	: Snake.elf
elfcheck passed.
'Finished building: Snake.elf.elfcheck'
' '
15:14:45 **** Auto Build of project standalone_bsp_0 ****
make -k all 
'Finished building libraries'
15:16:05 **** Auto Build of configuration Debug for project Snake ****
make all 
'Building file: ../src/snake.c'
'Invoking: MicroBlaze gcc compiler'
mb-gcc -Wall -O0 -g3 -c -fmessage-length=0 -I../../standalone_bsp_0/microblaze_0/include -mlittle-endian -mxl-barrel-shift -mxl-pattern-compare -mcpu=v8.50.c -mno-xl-soft-mul -Wl,--no-relax -ffunction-sections -fdata-sections -MMD -MP -MF"src/snake.d" -MT"src/snake.d" -o "src/snake.o" "../src/snake.c"
../src/snake.c: In function 'gaming':
../src/snake.c:310:3: warning: suggest parentheses around assignment used as truth value [-Wparentheses]
'Finished building: ../src/snake.c'
' '
'Building target: Snake.elf'
'Invoking: MicroBlaze gcc linker'
mb-gcc -Wl,-T -Wl,../src/lscript.ld -L../../standalone_bsp_0/microblaze_0/lib -mlittle-endian -mxl-barrel-shift -mxl-pattern-compare -mcpu=v8.50.c -mno-xl-soft-mul -Wl,--no-relax -Wl,--gc-sections -o "Snake.elf"  ./src/snake.o   -Wl,--start-group,-lxil,-lgcc,-lc,--end-group
'Finished building target: Snake.elf'
' '
'Invoking: MicroBlaze Print Size'
mb-size Snake.elf  |tee "Snake.elf.size"
   text	   data	    bss	    dec	    hex	filename
  47680	   1424	   2384	  51488	   c920	Snake.elf
'Finished building: Snake.elf.size'
' '
'Invoking: Xilinx ELF Check'
elfcheck Snake.elf -hw ../../Snake_New_hw_platform/system.xml -pe microblaze_0  |tee "Snake.elf.elfcheck"
elfcheck
Xilinx EDK 14.7 Build EDK_P.20131013
Copyright (c) 1995-2012 Xilinx, Inc.  All rights reserved.

Command Line: elfcheck -hw ../../Snake_New_hw_platform/system.xml -pe
microblaze_0 Snake.elf 

ELF file	: Snake.elf
elfcheck passed.
'Finished building: Snake.elf.elfcheck'
' '
15:16:25 **** Auto Build of project standalone_bsp_0 ****
make -k all 
'Finished building libraries'
15:16:47 **** Auto Build of configuration Debug for project Snake ****
make all 
'Building file: ../src/snake.c'
'Invoking: MicroBlaze gcc compiler'
mb-gcc -Wall -O0 -g3 -c -fmessage-length=0 -I../../standalone_bsp_0/microblaze_0/include -mlittle-endian -mxl-barrel-shift -mxl-pattern-compare -mcpu=v8.50.c -mno-xl-soft-mul -Wl,--no-relax -ffunction-sections -fdata-sections -MMD -MP -MF"src/snake.d" -MT"src/snake.d" -o "src/snake.o" "../src/snake.c"
../src/snake.c: In function 'gaming':
../src/snake.c:310:3: warning: suggest parentheses around assignment used as truth value [-Wparentheses]
'Finished building: ../src/snake.c'
' '
'Building target: Snake.elf'
'Invoking: MicroBlaze gcc linker'
mb-gcc -Wl,-T -Wl,../src/lscript.ld -L../../standalone_bsp_0/microblaze_0/lib -mlittle-endian -mxl-barrel-shift -mxl-pattern-compare -mcpu=v8.50.c -mno-xl-soft-mul -Wl,--no-relax -Wl,--gc-sections -o "Snake.elf"  ./src/snake.o   -Wl,--start-group,-lxil,-lgcc,-lc,--end-group
'Finished building target: Snake.elf'
' '
'Invoking: MicroBlaze Print Size'
mb-size Snake.elf  |tee "Snake.elf.size"
   text	   data	    bss	    dec	    hex	filename
  47680	   1424	   2384	  51488	   c920	Snake.elf
'Finished building: Snake.elf.size'
' '
'Invoking: Xilinx ELF Check'
elfcheck Snake.elf -hw ../../Snake_New_hw_platform/system.xml -pe microblaze_0  |tee "Snake.elf.elfcheck"
elfcheck
Xilinx EDK 14.7 Build EDK_P.20131013
Copyright (c) 1995-2012 Xilinx, Inc.  All rights reserved.

Command Line: elfcheck -hw ../../Snake_New_hw_platform/system.xml -pe
microblaze_0 Snake.elf 

ELF file	: Snake.elf
elfcheck passed.
'Finished building: Snake.elf.elfcheck'
' '
15:17:07 **** Auto Build of project standalone_bsp_0 ****
make -k all 
'Finished building libraries'
11:13:10 **** Build of project standalone_bsp_0 ****
make -k all 
'Finished building libraries'
11:13:11 **** Build of configuration Debug for project Snake ****
make all 
make: Nothing to be done for `all'.
11:14:54 **** Clean-only build of configuration Debug for project Snake ****
make clean 
rm -rf  ./src/snake.o  ./src/snake.d  Snake.elf.size  Snake.elf.elfcheck  Snake.elf
' '
11:14:55 **** Auto Build of configuration Debug for project Snake ****
make all 
'Building file: ../src/snake.c'
'Invoking: MicroBlaze gcc compiler'
mb-gcc -Wall -O0 -g3 -c -fmessage-length=0 -I../../standalone_bsp_0/microblaze_0/include -mlittle-endian -mxl-barrel-shift -mxl-pattern-compare -mcpu=v8.50.c -mno-xl-soft-mul -Wl,--no-relax -ffunction-sections -fdata-sections -MMD -MP -MF"src/snake.d" -MT"src/snake.d" -o "src/snake.o" "../src/snake.c"
../src/snake.c: In function 'gaming':
../src/snake.c:310:3: warning: suggest parentheses around assignment used as truth value [-Wparentheses]
'Finished building: ../src/snake.c'
' '
'Building target: Snake.elf'
'Invoking: MicroBlaze gcc linker'
mb-gcc -Wl,-T -Wl,../src/lscript.ld -L../../standalone_bsp_0/microblaze_0/lib -mlittle-endian -mxl-barrel-shift -mxl-pattern-compare -mcpu=v8.50.c -mno-xl-soft-mul -Wl,--no-relax -Wl,--gc-sections -o "Snake.elf"  ./src/snake.o   -Wl,--start-group,-lxil,-lgcc,-lc,--end-group
'Finished building target: Snake.elf'
' '
'Invoking: MicroBlaze Print Size'
mb-size Snake.elf  |tee "Snake.elf.size"
   text	   data	    bss	    dec	    hex	filename
  47684	   1424	   2388	  51496	   c928	Snake.elf
'Finished building: Snake.elf.size'
' '
'Invoking: Xilinx ELF Check'
elfcheck Snake.elf -hw ../../Snake_New_hw_platform/system.xml -pe microblaze_0  |tee "Snake.elf.elfcheck"
elfcheck
Xilinx EDK 14.7 Build EDK_P.20131013
Copyright (c) 1995-2012 Xilinx, Inc.  All rights reserved.

Command Line: elfcheck -hw ../../Snake_New_hw_platform/system.xml -pe
microblaze_0 Snake.elf 

ELF file	: Snake.elf
elfcheck passed.
'Finished building: Snake.elf.elfcheck'
' '
11:18:37 **** Auto Build of project standalone_bsp_0 ****
make -k all 
'Finished building libraries'
11:18:57 **** Auto Build of configuration Debug for project Snake ****
make all 
'Building file: ../src/snake.c'
'Invoking: MicroBlaze gcc compiler'
mb-gcc -Wall -O0 -g3 -c -fmessage-length=0 -I../../standalone_bsp_0/microblaze_0/include -mlittle-endian -mxl-barrel-shift -mxl-pattern-compare -mcpu=v8.50.c -mno-xl-soft-mul -Wl,--no-relax -ffunction-sections -fdata-sections -MMD -MP -MF"src/snake.d" -MT"src/snake.d" -o "src/snake.o" "../src/snake.c"
../src/snake.c: In function 'gaming':
../src/snake.c:310:3: warning: suggest parentheses around assignment used as truth value [-Wparentheses]
'Finished building: ../src/snake.c'
' '
'Building target: Snake.elf'
'Invoking: MicroBlaze gcc linker'
mb-gcc -Wl,-T -Wl,../src/lscript.ld -L../../standalone_bsp_0/microblaze_0/lib -mlittle-endian -mxl-barrel-shift -mxl-pattern-compare -mcpu=v8.50.c -mno-xl-soft-mul -Wl,--no-relax -Wl,--gc-sections -o "Snake.elf"  ./src/snake.o   -Wl,--start-group,-lxil,-lgcc,-lc,--end-group
'Finished building target: Snake.elf'
' '
'Invoking: MicroBlaze Print Size'
mb-size Snake.elf  |tee "Snake.elf.size"
   text	   data	    bss	    dec	    hex	filename
  47684	   1424	   2388	  51496	   c928	Snake.elf
'Finished building: Snake.elf.size'
' '
'Invoking: Xilinx ELF Check'
elfcheck Snake.elf -hw ../../Snake_New_hw_platform/system.xml -pe microblaze_0  |tee "Snake.elf.elfcheck"
elfcheck
Xilinx EDK 14.7 Build EDK_P.20131013
Copyright (c) 1995-2012 Xilinx, Inc.  All rights reserved.

Command Line: elfcheck -hw ../../Snake_New_hw_platform/system.xml -pe
microblaze_0 Snake.elf 

ELF file	: Snake.elf
elfcheck passed.
'Finished building: Snake.elf.elfcheck'
' '
11:19:42 **** Auto Build of project standalone_bsp_0 ****
make -k all 
'Finished building libraries'
11:24:39 **** Auto Build of configuration Debug for project Snake ****
make all 
'Building file: ../src/snake.c'
'Invoking: MicroBlaze gcc compiler'
mb-gcc -Wall -O0 -g3 -c -fmessage-length=0 -I../../standalone_bsp_0/microblaze_0/include -mlittle-endian -mxl-barrel-shift -mxl-pattern-compare -mcpu=v8.50.c -mno-xl-soft-mul -Wl,--no-relax -ffunction-sections -fdata-sections -MMD -MP -MF"src/snake.d" -MT"src/snake.d" -o "src/snake.o" "../src/snake.c"
../src/snake.c: In function 'gaming':
../src/snake.c:310:3: warning: suggest parentheses around assignment used as truth value [-Wparentheses]
'Finished building: ../src/snake.c'
' '
'Building target: Snake.elf'
'Invoking: MicroBlaze gcc linker'
mb-gcc -Wl,-T -Wl,../src/lscript.ld -L../../standalone_bsp_0/microblaze_0/lib -mlittle-endian -mxl-barrel-shift -mxl-pattern-compare -mcpu=v8.50.c -mno-xl-soft-mul -Wl,--no-relax -Wl,--gc-sections -o "Snake.elf"  ./src/snake.o   -Wl,--start-group,-lxil,-lgcc,-lc,--end-group
'Finished building target: Snake.elf'
' '
'Invoking: MicroBlaze Print Size'
mb-size Snake.elf  |tee "Snake.elf.size"
   text	   data	    bss	    dec	    hex	filename
  47684	   1424	   2388	  51496	   c928	Snake.elf
'Finished building: Snake.elf.size'
' '
'Invoking: Xilinx ELF Check'
elfcheck Snake.elf -hw ../../Snake_New_hw_platform/system.xml -pe microblaze_0  |tee "Snake.elf.elfcheck"
elfcheck
Xilinx EDK 14.7 Build EDK_P.20131013
Copyright (c) 1995-2012 Xilinx, Inc.  All rights reserved.

Command Line: elfcheck -hw ../../Snake_New_hw_platform/system.xml -pe
microblaze_0 Snake.elf 

ELF file	: Snake.elf
elfcheck passed.
'Finished building: Snake.elf.elfcheck'
' '
11:25:00 **** Auto Build of project standalone_bsp_0 ****
make -k all 
'Finished building libraries'
11:25:32 **** Auto Build of configuration Debug for project Snake ****
make all 
'Building file: ../src/snake.c'
'Invoking: MicroBlaze gcc compiler'
mb-gcc -Wall -O0 -g3 -c -fmessage-length=0 -I../../standalone_bsp_0/microblaze_0/include -mlittle-endian -mxl-barrel-shift -mxl-pattern-compare -mcpu=v8.50.c -mno-xl-soft-mul -Wl,--no-relax -ffunction-sections -fdata-sections -MMD -MP -MF"src/snake.d" -MT"src/snake.d" -o "src/snake.o" "../src/snake.c"
../src/snake.c: In function 'gaming':
../src/snake.c:310:3: warning: suggest parentheses around assignment used as truth value [-Wparentheses]
'Finished building: ../src/snake.c'
' '
'Building target: Snake.elf'
'Invoking: MicroBlaze gcc linker'
mb-gcc -Wl,-T -Wl,../src/lscript.ld -L../../standalone_bsp_0/microblaze_0/lib -mlittle-endian -mxl-barrel-shift -mxl-pattern-compare -mcpu=v8.50.c -mno-xl-soft-mul -Wl,--no-relax -Wl,--gc-sections -o "Snake.elf"  ./src/snake.o   -Wl,--start-group,-lxil,-lgcc,-lc,--end-group
'Finished building target: Snake.elf'
' '
'Invoking: MicroBlaze Print Size'
mb-size Snake.elf  |tee "Snake.elf.size"
   text	   data	    bss	    dec	    hex	filename
  47688	   1424	   2384	  51496	   c928	Snake.elf
'Finished building: Snake.elf.size'
' '
'Invoking: Xilinx ELF Check'
elfcheck Snake.elf -hw ../../Snake_New_hw_platform/system.xml -pe microblaze_0  |tee "Snake.elf.elfcheck"
elfcheck
Xilinx EDK 14.7 Build EDK_P.20131013
Copyright (c) 1995-2012 Xilinx, Inc.  All rights reserved.

Command Line: elfcheck -hw ../../Snake_New_hw_platform/system.xml -pe
microblaze_0 Snake.elf 

ELF file	: Snake.elf
elfcheck passed.
'Finished building: Snake.elf.elfcheck'
' '
11:25:52 **** Auto Build of project standalone_bsp_0 ****
make -k all 
'Finished building libraries'
11:26:21 **** Auto Build of configuration Debug for project Snake ****
make all 
'Building file: ../src/snake.c'
'Invoking: MicroBlaze gcc compiler'
mb-gcc -Wall -O0 -g3 -c -fmessage-length=0 -I../../standalone_bsp_0/microblaze_0/include -mlittle-endian -mxl-barrel-shift -mxl-pattern-compare -mcpu=v8.50.c -mno-xl-soft-mul -Wl,--no-relax -ffunction-sections -fdata-sections -MMD -MP -MF"src/snake.d" -MT"src/snake.d" -o "src/snake.o" "../src/snake.c"
../src/snake.c: In function 'gaming':
../src/snake.c:310:3: warning: suggest parentheses around assignment used as truth value [-Wparentheses]
'Finished building: ../src/snake.c'
' '
'Building target: Snake.elf'
'Invoking: MicroBlaze gcc linker'
mb-gcc -Wl,-T -Wl,../src/lscript.ld -L../../standalone_bsp_0/microblaze_0/lib -mlittle-endian -mxl-barrel-shift -mxl-pattern-compare -mcpu=v8.50.c -mno-xl-soft-mul -Wl,--no-relax -Wl,--gc-sections -o "Snake.elf"  ./src/snake.o   -Wl,--start-group,-lxil,-lgcc,-lc,--end-group
'Finished building target: Snake.elf'
' '
'Invoking: MicroBlaze Print Size'
mb-size Snake.elf  |tee "Snake.elf.size"
   text	   data	    bss	    dec	    hex	filename
  47688	   1424	   2384	  51496	   c928	Snake.elf
'Finished building: Snake.elf.size'
' '
'Invoking: Xilinx ELF Check'
elfcheck Snake.elf -hw ../../Snake_New_hw_platform/system.xml -pe microblaze_0  |tee "Snake.elf.elfcheck"
elfcheck
Xilinx EDK 14.7 Build EDK_P.20131013
Copyright (c) 1995-2012 Xilinx, Inc.  All rights reserved.

Command Line: elfcheck -hw ../../Snake_New_hw_platform/system.xml -pe
microblaze_0 Snake.elf 

ELF file	: Snake.elf
elfcheck passed.
'Finished building: Snake.elf.elfcheck'
' '
11:26:43 **** Auto Build of project standalone_bsp_0 ****
make -k all 
'Finished building libraries'
11:26:55 **** Auto Build of configuration Debug for project Snake ****
make all 
'Building file: ../src/snake.c'
'Invoking: MicroBlaze gcc compiler'
mb-gcc -Wall -O0 -g3 -c -fmessage-length=0 -I../../standalone_bsp_0/microblaze_0/include -mlittle-endian -mxl-barrel-shift -mxl-pattern-compare -mcpu=v8.50.c -mno-xl-soft-mul -Wl,--no-relax -ffunction-sections -fdata-sections -MMD -MP -MF"src/snake.d" -MT"src/snake.d" -o "src/snake.o" "../src/snake.c"
../src/snake.c: In function 'gaming':
../src/snake.c:310:3: warning: suggest parentheses around assignment used as truth value [-Wparentheses]
'Finished building: ../src/snake.c'
' '
'Building target: Snake.elf'
'Invoking: MicroBlaze gcc linker'
mb-gcc -Wl,-T -Wl,../src/lscript.ld -L../../standalone_bsp_0/microblaze_0/lib -mlittle-endian -mxl-barrel-shift -mxl-pattern-compare -mcpu=v8.50.c -mno-xl-soft-mul -Wl,--no-relax -Wl,--gc-sections -o "Snake.elf"  ./src/snake.o   -Wl,--start-group,-lxil,-lgcc,-lc,--end-group
'Finished building target: Snake.elf'
' '
'Invoking: MicroBlaze Print Size'
mb-size Snake.elf  |tee "Snake.elf.size"
   text	   data	    bss	    dec	    hex	filename
  47688	   1424	   2384	  51496	   c928	Snake.elf
'Finished building: Snake.elf.size'
' '
'Invoking: Xilinx ELF Check'
elfcheck Snake.elf -hw ../../Snake_New_hw_platform/system.xml -pe microblaze_0  |tee "Snake.elf.elfcheck"
elfcheck
Xilinx EDK 14.7 Build EDK_P.20131013
Copyright (c) 1995-2012 Xilinx, Inc.  All rights reserved.

Command Line: elfcheck -hw ../../Snake_New_hw_platform/system.xml -pe
microblaze_0 Snake.elf 

ELF file	: Snake.elf
elfcheck passed.
'Finished building: Snake.elf.elfcheck'
' '
11:27:15 **** Auto Build of project standalone_bsp_0 ****
make -k all 
'Finished building libraries'
11:28:23 **** Auto Build of configuration Debug for project Snake ****
make all 
'Building file: ../src/snake.c'
'Invoking: MicroBlaze gcc compiler'
mb-gcc -Wall -O0 -g3 -c -fmessage-length=0 -I../../standalone_bsp_0/microblaze_0/include -mlittle-endian -mxl-barrel-shift -mxl-pattern-compare -mcpu=v8.50.c -mno-xl-soft-mul -Wl,--no-relax -ffunction-sections -fdata-sections -MMD -MP -MF"src/snake.d" -MT"src/snake.d" -o "src/snake.o" "../src/snake.c"
../src/snake.c: In function 'gaming':
../src/snake.c:310:3: warning: suggest parentheses around assignment used as truth value [-Wparentheses]
'Finished building: ../src/snake.c'
' '
'Building target: Snake.elf'
'Invoking: MicroBlaze gcc linker'
mb-gcc -Wl,-T -Wl,../src/lscript.ld -L../../standalone_bsp_0/microblaze_0/lib -mlittle-endian -mxl-barrel-shift -mxl-pattern-compare -mcpu=v8.50.c -mno-xl-soft-mul -Wl,--no-relax -Wl,--gc-sections -o "Snake.elf"  ./src/snake.o   -Wl,--start-group,-lxil,-lgcc,-lc,--end-group
'Finished building target: Snake.elf'
' '
'Invoking: MicroBlaze Print Size'
mb-size Snake.elf  |tee "Snake.elf.size"
   text	   data	    bss	    dec	    hex	filename
  47688	   1424	   2384	  51496	   c928	Snake.elf
'Finished building: Snake.elf.size'
' '
'Invoking: Xilinx ELF Check'
elfcheck Snake.elf -hw ../../Snake_New_hw_platform/system.xml -pe microblaze_0  |tee "Snake.elf.elfcheck"
elfcheck
Xilinx EDK 14.7 Build EDK_P.20131013
Copyright (c) 1995-2012 Xilinx, Inc.  All rights reserved.

Command Line: elfcheck -hw ../../Snake_New_hw_platform/system.xml -pe
microblaze_0 Snake.elf 

ELF file	: Snake.elf
elfcheck passed.
'Finished building: Snake.elf.elfcheck'
' '
11:28:44 **** Auto Build of project standalone_bsp_0 ****
make -k all 
'Finished building libraries'
11:30:25 **** Auto Build of configuration Debug for project Snake ****
make all 
'Building file: ../src/snake.c'
'Invoking: MicroBlaze gcc compiler'
mb-gcc -Wall -O0 -g3 -c -fmessage-length=0 -I../../standalone_bsp_0/microblaze_0/include -mlittle-endian -mxl-barrel-shift -mxl-pattern-compare -mcpu=v8.50.c -mno-xl-soft-mul -Wl,--no-relax -ffunction-sections -fdata-sections -MMD -MP -MF"src/snake.d" -MT"src/snake.d" -o "src/snake.o" "../src/snake.c"
../src/snake.c: In function 'gaming':
../src/snake.c:310:3: warning: suggest parentheses around assignment used as truth value [-Wparentheses]
'Finished building: ../src/snake.c'
' '
'Building target: Snake.elf'
'Invoking: MicroBlaze gcc linker'
mb-gcc -Wl,-T -Wl,../src/lscript.ld -L../../standalone_bsp_0/microblaze_0/lib -mlittle-endian -mxl-barrel-shift -mxl-pattern-compare -mcpu=v8.50.c -mno-xl-soft-mul -Wl,--no-relax -Wl,--gc-sections -o "Snake.elf"  ./src/snake.o   -Wl,--start-group,-lxil,-lgcc,-lc,--end-group
'Finished building target: Snake.elf'
' '
'Invoking: MicroBlaze Print Size'
mb-size Snake.elf  |tee "Snake.elf.size"
   text	   data	    bss	    dec	    hex	filename
  47688	   1424	   2384	  51496	   c928	Snake.elf
'Finished building: Snake.elf.size'
' '
'Invoking: Xilinx ELF Check'
elfcheck Snake.elf -hw ../../Snake_New_hw_platform/system.xml -pe microblaze_0  |tee "Snake.elf.elfcheck"
elfcheck
Xilinx EDK 14.7 Build EDK_P.20131013
Copyright (c) 1995-2012 Xilinx, Inc.  All rights reserved.

Command Line: elfcheck -hw ../../Snake_New_hw_platform/system.xml -pe
microblaze_0 Snake.elf 

ELF file	: Snake.elf
elfcheck passed.
'Finished building: Snake.elf.elfcheck'
' '
11:30:45 **** Auto Build of project standalone_bsp_0 ****
make -k all 
'Finished building libraries'
11:33:40 **** Auto Build of project standalone_bsp_0 ****
make -k all 
'Finished building libraries'
11:34:19 **** Auto Build of project standalone_bsp_0 ****
make -k all 
'Finished building libraries'
12:29:08 **** Auto Build of configuration Debug for project Snake ****
make all 
make: Nothing to be done for `all'.
12:34:13 **** Auto Build of configuration Debug for project Snake ****
make all 
'Building file: ../src/snake.c'
'Invoking: MicroBlaze gcc compiler'
mb-gcc -Wall -O0 -g3 -c -fmessage-length=0 -I../../standalone_bsp_0/microblaze_0/include -mlittle-endian -mxl-barrel-shift -mxl-pattern-compare -mcpu=v8.50.c -mno-xl-soft-mul -Wl,--no-relax -ffunction-sections -fdata-sections -MMD -MP -MF"src/snake.d" -MT"src/snake.d" -o "src/snake.o" "../src/snake.c"
../src/snake.c: In function 'gaming':
../src/snake.c:310:3: warning: suggest parentheses around assignment used as truth value [-Wparentheses]
'Finished building: ../src/snake.c'
' '
'Building target: Snake.elf'
'Invoking: MicroBlaze gcc linker'
mb-gcc -Wl,-T -Wl,../src/lscript.ld -L../../standalone_bsp_0/microblaze_0/lib -mlittle-endian -mxl-barrel-shift -mxl-pattern-compare -mcpu=v8.50.c -mno-xl-soft-mul -Wl,--no-relax -Wl,--gc-sections -o "Snake.elf"  ./src/snake.o   -Wl,--start-group,-lxil,-lgcc,-lc,--end-group
'Finished building target: Snake.elf'
' '
'Invoking: MicroBlaze Print Size'
mb-size Snake.elf  |tee "Snake.elf.size"
   text	   data	    bss	    dec	    hex	filename
  47688	   1424	   2384	  51496	   c928	Snake.elf
'Finished building: Snake.elf.size'
' '
'Invoking: Xilinx ELF Check'
elfcheck Snake.elf -hw ../../Snake_New_hw_platform/system.xml -pe microblaze_0  |tee "Snake.elf.elfcheck"
elfcheck
Xilinx EDK 14.7 Build EDK_P.20131013
Copyright (c) 1995-2012 Xilinx, Inc.  All rights reserved.

Command Line: elfcheck -hw ../../Snake_New_hw_platform/system.xml -pe
microblaze_0 Snake.elf 

ELF file	: Snake.elf
elfcheck passed.
'Finished building: Snake.elf.elfcheck'
' '
12:37:41 **** Auto Build of configuration Debug for project Snake ****
make all 
'Building file: ../src/snake.c'
'Invoking: MicroBlaze gcc compiler'
mb-gcc -Wall -O0 -g3 -c -fmessage-length=0 -I../../standalone_bsp_0/microblaze_0/include -mlittle-endian -mxl-barrel-shift -mxl-pattern-compare -mcpu=v8.50.c -mno-xl-soft-mul -Wl,--no-relax -ffunction-sections -fdata-sections -MMD -MP -MF"src/snake.d" -MT"src/snake.d" -o "src/snake.o" "../src/snake.c"
../src/snake.c: In function 'gaming':
../src/snake.c:312:3: warning: suggest parentheses around assignment used as truth value [-Wparentheses]
'Finished building: ../src/snake.c'
' '
'Building target: Snake.elf'
'Invoking: MicroBlaze gcc linker'
mb-gcc -Wl,-T -Wl,../src/lscript.ld -L../../standalone_bsp_0/microblaze_0/lib -mlittle-endian -mxl-barrel-shift -mxl-pattern-compare -mcpu=v8.50.c -mno-xl-soft-mul -Wl,--no-relax -Wl,--gc-sections -o "Snake.elf"  ./src/snake.o   -Wl,--start-group,-lxil,-lgcc,-lc,--end-group
'Finished building target: Snake.elf'
' '
'Invoking: MicroBlaze Print Size'
mb-size Snake.elf  |tee "Snake.elf.size"
   text	   data	    bss	    dec	    hex	filename
  47688	   1424	   2384	  51496	   c928	Snake.elf
'Finished building: Snake.elf.size'
' '
'Invoking: Xilinx ELF Check'
elfcheck Snake.elf -hw ../../Snake_New_hw_platform/system.xml -pe microblaze_0  |tee "Snake.elf.elfcheck"
elfcheck
Xilinx EDK 14.7 Build EDK_P.20131013
Copyright (c) 1995-2012 Xilinx, Inc.  All rights reserved.

Command Line: elfcheck -hw ../../Snake_New_hw_platform/system.xml -pe
microblaze_0 Snake.elf 

ELF file	: Snake.elf
elfcheck passed.
'Finished building: Snake.elf.elfcheck'
' '
12:41:41 **** Auto Build of configuration Debug for project Snake ****
make all 
'Building file: ../src/snake.c'
'Invoking: MicroBlaze gcc compiler'
mb-gcc -Wall -O0 -g3 -c -fmessage-length=0 -I../../standalone_bsp_0/microblaze_0/include -mlittle-endian -mxl-barrel-shift -mxl-pattern-compare -mcpu=v8.50.c -mno-xl-soft-mul -Wl,--no-relax -ffunction-sections -fdata-sections -MMD -MP -MF"src/snake.d" -MT"src/snake.d" -o "src/snake.o" "../src/snake.c"
../src/snake.c: In function 'gaming':
../src/snake.c:312:3: warning: suggest parentheses around assignment used as truth value [-Wparentheses]
'Finished building: ../src/snake.c'
' '
'Building target: Snake.elf'
'Invoking: MicroBlaze gcc linker'
mb-gcc -Wl,-T -Wl,../src/lscript.ld -L../../standalone_bsp_0/microblaze_0/lib -mlittle-endian -mxl-barrel-shift -mxl-pattern-compare -mcpu=v8.50.c -mno-xl-soft-mul -Wl,--no-relax -Wl,--gc-sections -o "Snake.elf"  ./src/snake.o   -Wl,--start-group,-lxil,-lgcc,-lc,--end-group
'Finished building target: Snake.elf'
' '
'Invoking: MicroBlaze Print Size'
mb-size Snake.elf  |tee "Snake.elf.size"
   text	   data	    bss	    dec	    hex	filename
  47688	   1424	   2384	  51496	   c928	Snake.elf
'Finished building: Snake.elf.size'
' '
'Invoking: Xilinx ELF Check'
elfcheck Snake.elf -hw ../../Snake_New_hw_platform/system.xml -pe microblaze_0  |tee "Snake.elf.elfcheck"
elfcheck
Xilinx EDK 14.7 Build EDK_P.20131013
Copyright (c) 1995-2012 Xilinx, Inc.  All rights reserved.

Command Line: elfcheck -hw ../../Snake_New_hw_platform/system.xml -pe
microblaze_0 Snake.elf 

ELF file	: Snake.elf
elfcheck passed.
'Finished building: Snake.elf.elfcheck'
' '
16:00:42 **** Auto Build of project standalone_bsp_0 ****
make -k all 
'Finished building libraries'
16:04:59 **** Auto Build of configuration Debug for project Snake ****
make all 
'Building file: ../src/snake.c'
'Invoking: MicroBlaze gcc compiler'
mb-gcc -Wall -O0 -g3 -c -fmessage-length=0 -I../../standalone_bsp_0/microblaze_0/include -mlittle-endian -mxl-barrel-shift -mxl-pattern-compare -mcpu=v8.50.c -mno-xl-soft-mul -Wl,--no-relax -ffunction-sections -fdata-sections -MMD -MP -MF"src/snake.d" -MT"src/snake.d" -o "src/snake.o" "../src/snake.c"
../src/snake.c: In function 'gaming':
../src/snake.c:312:3: warning: suggest parentheses around assignment used as truth value [-Wparentheses]
'Finished building: ../src/snake.c'
' '
'Building target: Snake.elf'
'Invoking: MicroBlaze gcc linker'
mb-gcc -Wl,-T -Wl,../src/lscript.ld -L../../standalone_bsp_0/microblaze_0/lib -mlittle-endian -mxl-barrel-shift -mxl-pattern-compare -mcpu=v8.50.c -mno-xl-soft-mul -Wl,--no-relax -Wl,--gc-sections -o "Snake.elf"  ./src/snake.o   -Wl,--start-group,-lxil,-lgcc,-lc,--end-group
'Finished building target: Snake.elf'
' '
'Invoking: MicroBlaze Print Size'
mb-size Snake.elf  |tee "Snake.elf.size"
   text	   data	    bss	    dec	    hex	filename
  47708	   1424	   2388	  51520	   c940	Snake.elf
'Finished building: Snake.elf.size'
' '
'Invoking: Xilinx ELF Check'
elfcheck Snake.elf -hw ../../Snake_New_hw_platform/system.xml -pe microblaze_0  |tee "Snake.elf.elfcheck"
elfcheck
Xilinx EDK 14.7 Build EDK_P.20131013
Copyright (c) 1995-2012 Xilinx, Inc.  All rights reserved.

Command Line: elfcheck -hw ../../Snake_New_hw_platform/system.xml -pe
microblaze_0 Snake.elf 

ELF file	: Snake.elf
elfcheck passed.
'Finished building: Snake.elf.elfcheck'
' '
16:05:57 **** Auto Build of project standalone_bsp_0 ****
make -k all 
'Finished building libraries'
16:06:19 **** Auto Build of configuration Debug for project Snake ****
make all 
'Building file: ../src/snake.c'
'Invoking: MicroBlaze gcc compiler'
mb-gcc -Wall -O0 -g3 -c -fmessage-length=0 -I../../standalone_bsp_0/microblaze_0/include -mlittle-endian -mxl-barrel-shift -mxl-pattern-compare -mcpu=v8.50.c -mno-xl-soft-mul -Wl,--no-relax -ffunction-sections -fdata-sections -MMD -MP -MF"src/snake.d" -MT"src/snake.d" -o "src/snake.o" "../src/snake.c"
../src/snake.c: In function 'gaming':
../src/snake.c:312:3: warning: suggest parentheses around assignment used as truth value [-Wparentheses]
'Finished building: ../src/snake.c'
' '
'Building target: Snake.elf'
'Invoking: MicroBlaze gcc linker'
mb-gcc -Wl,-T -Wl,../src/lscript.ld -L../../standalone_bsp_0/microblaze_0/lib -mlittle-endian -mxl-barrel-shift -mxl-pattern-compare -mcpu=v8.50.c -mno-xl-soft-mul -Wl,--no-relax -Wl,--gc-sections -o "Snake.elf"  ./src/snake.o   -Wl,--start-group,-lxil,-lgcc,-lc,--end-group
'Finished building target: Snake.elf'
' '
'Invoking: MicroBlaze Print Size'
mb-size Snake.elf  |tee "Snake.elf.size"
   text	   data	    bss	    dec	    hex	filename
  47688	   1424	   2384	  51496	   c928	Snake.elf
'Finished building: Snake.elf.size'
' '
'Invoking: Xilinx ELF Check'
elfcheck Snake.elf -hw ../../Snake_New_hw_platform/system.xml -pe microblaze_0  |tee "Snake.elf.elfcheck"
elfcheck
Xilinx EDK 14.7 Build EDK_P.20131013
Copyright (c) 1995-2012 Xilinx, Inc.  All rights reserved.

Command Line: elfcheck -hw ../../Snake_New_hw_platform/system.xml -pe
microblaze_0 Snake.elf 

ELF file	: Snake.elf
elfcheck passed.
'Finished building: Snake.elf.elfcheck'
' '
16:07:01 **** Auto Build of project standalone_bsp_0 ****
make -k all 
'Finished building libraries'
16:18:40 **** Auto Build of project standalone_bsp_0 ****
make -k all 
'Finished building libraries'
16:36:38 **** Auto Build of configuration Debug for project Snake ****
make all 
'Building file: ../src/snake.c'
'Invoking: MicroBlaze gcc compiler'
mb-gcc -Wall -O0 -g3 -c -fmessage-length=0 -I../../standalone_bsp_0/microblaze_0/include -mlittle-endian -mxl-barrel-shift -mxl-pattern-compare -mcpu=v8.50.c -mno-xl-soft-mul -Wl,--no-relax -ffunction-sections -fdata-sections -MMD -MP -MF"src/snake.d" -MT"src/snake.d" -o "src/snake.o" "../src/snake.c"
../src/snake.c: In function 'Random':
../src/snake.c:81:2: warning: implicit declaration of function 'srand' [-Wimplicit-function-declaration]
../src/snake.c:82:2: warning: implicit declaration of function 'rand' [-Wimplicit-function-declaration]
../src/snake.c: In function 'DeleteSnack':
../src/snake.c:137:3: warning: implicit declaration of function 'free' [-Wimplicit-function-declaration]
../src/snake.c:137:3: warning: incompatible implicit declaration of built-in function 'free' [enabled by default]
../src/snake.c: In function 'IniScreen':
../src/snake.c:197:3: warning: implicit declaration of function 'malloc' [-Wimplicit-function-declaration]
../src/snake.c:197:17: warning: incompatible implicit declaration of built-in function 'malloc' [enabled by default]
../src/snake.c: In function 'gaming':
../src/snake.c:270:18: warning: incompatible implicit declaration of built-in function 'malloc' [enabled by default]
../src/snake.c:301:4: warning: incompatible implicit declaration of built-in function 'free' [enabled by default]
../src/snake.c:312:3: warning: suggest parentheses around assignment used as truth value [-Wparentheses]
../src/snake.c:322:4: warning: incompatible implicit declaration of built-in function 'free' [enabled by default]
'Finished building: ../src/snake.c'
' '
'Building target: Snake.elf'
'Invoking: MicroBlaze gcc linker'
mb-gcc -Wl,-T -Wl,../src/lscript.ld -L../../standalone_bsp_0/microblaze_0/lib -mlittle-endian -mxl-barrel-shift -mxl-pattern-compare -mcpu=v8.50.c -mno-xl-soft-mul -Wl,--no-relax -Wl,--gc-sections -o "Snake.elf"  ./src/snake.o   -Wl,--start-group,-lxil,-lgcc,-lc,--end-group
'Finished building target: Snake.elf'
' '
'Invoking: MicroBlaze Print Size'
mb-size Snake.elf  |tee "Snake.elf.size"
   text	   data	    bss	    dec	    hex	filename
  47688	   1424	   2384	  51496	   c928	Snake.elf
'Finished building: Snake.elf.size'
' '
'Invoking: Xilinx ELF Check'
elfcheck Snake.elf -hw ../../Snake_New_hw_platform/system.xml -pe microblaze_0  |tee "Snake.elf.elfcheck"
elfcheck
Xilinx EDK 14.7 Build EDK_P.20131013
Copyright (c) 1995-2012 Xilinx, Inc.  All rights reserved.

Command Line: elfcheck -hw ../../Snake_New_hw_platform/system.xml -pe
microblaze_0 Snake.elf 

ELF file	: Snake.elf
elfcheck passed.
'Finished building: Snake.elf.elfcheck'
' '
16:37:25 **** Auto Build of configuration Debug for project Snake ****
make all 
'Building file: ../src/snake.c'
'Invoking: MicroBlaze gcc compiler'
mb-gcc -Wall -O0 -g3 -c -fmessage-length=0 -I../../standalone_bsp_0/microblaze_0/include -mlittle-endian -mxl-barrel-shift -mxl-pattern-compare -mcpu=v8.50.c -mno-xl-soft-mul -Wl,--no-relax -ffunction-sections -fdata-sections -MMD -MP -MF"src/snake.d" -MT"src/snake.d" -o "src/snake.o" "../src/snake.c"
../src/snake.c: In function 'gaming':
../src/snake.c:312:3: warning: suggest parentheses around assignment used as truth value [-Wparentheses]
'Finished building: ../src/snake.c'
' '
'Building target: Snake.elf'
'Invoking: MicroBlaze gcc linker'
mb-gcc -Wl,-T -Wl,../src/lscript.ld -L../../standalone_bsp_0/microblaze_0/lib -mlittle-endian -mxl-barrel-shift -mxl-pattern-compare -mcpu=v8.50.c -mno-xl-soft-mul -Wl,--no-relax -Wl,--gc-sections -o "Snake.elf"  ./src/snake.o   -Wl,--start-group,-lxil,-lgcc,-lc,--end-group
'Finished building target: Snake.elf'
' '
'Invoking: MicroBlaze Print Size'
mb-size Snake.elf  |tee "Snake.elf.size"
   text	   data	    bss	    dec	    hex	filename
  47688	   1424	   2384	  51496	   c928	Snake.elf
'Finished building: Snake.elf.size'
' '
'Invoking: Xilinx ELF Check'
elfcheck Snake.elf -hw ../../Snake_New_hw_platform/system.xml -pe microblaze_0  |tee "Snake.elf.elfcheck"
elfcheck
Xilinx EDK 14.7 Build EDK_P.20131013
Copyright (c) 1995-2012 Xilinx, Inc.  All rights reserved.

Command Line: elfcheck -hw ../../Snake_New_hw_platform/system.xml -pe
microblaze_0 Snake.elf 

ELF file	: Snake.elf
elfcheck passed.
'Finished building: Snake.elf.elfcheck'
' '
16:44:19 **** Auto Build of project standalone_bsp_0 ****
make -k all 
'Finished building libraries'
16:47:10 **** Auto Build of project standalone_bsp_0 ****
make -k all 
'Finished building libraries'
16:51:47 **** Auto Build of configuration Debug for project Snake ****
make all 
'Building file: ../src/snake.c'
'Invoking: MicroBlaze gcc compiler'
mb-gcc -Wall -O0 -g3 -c -fmessage-length=0 -I../../standalone_bsp_0/microblaze_0/include -mlittle-endian -mxl-barrel-shift -mxl-pattern-compare -mcpu=v8.50.c -mno-xl-soft-mul -Wl,--no-relax -ffunction-sections -fdata-sections -MMD -MP -MF"src/snake.d" -MT"src/snake.d" -o "src/snake.o" "../src/snake.c"
../src/snake.c: In function 'gaming':
../src/snake.c:303:3: warning: suggest parentheses around assignment used as truth value [-Wparentheses]
../src/snake.c: In function 'main':
../src/snake.c:332:2: error: expected declaration or statement at end of input
make: *** [src/snake.o] ´íÎó 1
16:53:16 **** Auto Build of project standalone_bsp_0 ****
make -k all 
'Finished building libraries'
16:55:03 **** Auto Build of configuration Debug for project Snake ****
make all 
'Building file: ../src/snake.c'
'Invoking: MicroBlaze gcc compiler'
mb-gcc -Wall -O0 -g3 -c -fmessage-length=0 -I../../standalone_bsp_0/microblaze_0/include -mlittle-endian -mxl-barrel-shift -mxl-pattern-compare -mcpu=v8.50.c -mno-xl-soft-mul -Wl,--no-relax -ffunction-sections -fdata-sections -MMD -MP -MF"src/snake.d" -MT"src/snake.d" -o "src/snake.o" "../src/snake.c"
../src/snake.c: In function 'gaming':
../src/snake.c:303:3: warning: suggest parentheses around assignment used as truth value [-Wparentheses]
../src/snake.c: In function 'main':
../src/snake.c:332:2: error: expected ';' at end of input
../src/snake.c:332:2: error: expected declaration or statement at end of input
make: *** [src/snake.o] ´íÎó 1
16:55:54 **** Auto Build of configuration Debug for project Snake ****
make all 
'Building file: ../src/snake.c'
'Invoking: MicroBlaze gcc compiler'
mb-gcc -Wall -O0 -g3 -c -fmessage-length=0 -I../../standalone_bsp_0/microblaze_0/include -mlittle-endian -mxl-barrel-shift -mxl-pattern-compare -mcpu=v8.50.c -mno-xl-soft-mul -Wl,--no-relax -ffunction-sections -fdata-sections -MMD -MP -MF"src/snake.d" -MT"src/snake.d" -o "src/snake.o" "../src/snake.c"
../src/snake.c: In function 'gaming':
../src/snake.c:303:3: warning: suggest parentheses around assignment used as truth value [-Wparentheses]
'Finished building: ../src/snake.c'
' '
'Building target: Snake.elf'
'Invoking: MicroBlaze gcc linker'
mb-gcc -Wl,-T -Wl,../src/lscript.ld -L../../standalone_bsp_0/microblaze_0/lib -mlittle-endian -mxl-barrel-shift -mxl-pattern-compare -mcpu=v8.50.c -mno-xl-soft-mul -Wl,--no-relax -Wl,--gc-sections -o "Snake.elf"  ./src/snake.o   -Wl,--start-group,-lxil,-lgcc,-lc,--end-group
'Finished building target: Snake.elf'
' '
'Invoking: MicroBlaze Print Size'
mb-size Snake.elf  |tee "Snake.elf.size"
   text	   data	    bss	    dec	    hex	filename
  47680	   1424	   2384	  51488	   c920	Snake.elf
'Finished building: Snake.elf.size'
' '
'Invoking: Xilinx ELF Check'
elfcheck Snake.elf -hw ../../Snake_New_hw_platform/system.xml -pe microblaze_0  |tee "Snake.elf.elfcheck"
elfcheck
Xilinx EDK 14.7 Build EDK_P.20131013
Copyright (c) 1995-2012 Xilinx, Inc.  All rights reserved.

Command Line: elfcheck -hw ../../Snake_New_hw_platform/system.xml -pe
microblaze_0 Snake.elf 

ELF file	: Snake.elf
elfcheck passed.
'Finished building: Snake.elf.elfcheck'
' '
16:56:57 **** Auto Build of project standalone_bsp_0 ****
make -k all 
'Finished building libraries'
17:05:37 **** Auto Build of configuration Debug for project Snake ****
make all 
'Building file: ../src/snake.c'
'Invoking: MicroBlaze gcc compiler'
mb-gcc -Wall -O0 -g3 -c -fmessage-length=0 -I../../standalone_bsp_0/microblaze_0/include -mlittle-endian -mxl-barrel-shift -mxl-pattern-compare -mcpu=v8.50.c -mno-xl-soft-mul -Wl,--no-relax -ffunction-sections -fdata-sections -MMD -MP -MF"src/snake.d" -MT"src/snake.d" -o "src/snake.o" "../src/snake.c"
../src/snake.c: In function 'gaming':
../src/snake.c:303:3: warning: suggest parentheses around assignment used as truth value [-Wparentheses]
'Finished building: ../src/snake.c'
' '
'Building target: Snake.elf'
'Invoking: MicroBlaze gcc linker'
mb-gcc -Wl,-T -Wl,../src/lscript.ld -L../../standalone_bsp_0/microblaze_0/lib -mlittle-endian -mxl-barrel-shift -mxl-pattern-compare -mcpu=v8.50.c -mno-xl-soft-mul -Wl,--no-relax -Wl,--gc-sections -o "Snake.elf"  ./src/snake.o   -Wl,--start-group,-lxil,-lgcc,-lc,--end-group
'Finished building target: Snake.elf'
' '
'Invoking: MicroBlaze Print Size'
mb-size Snake.elf  |tee "Snake.elf.size"
   text	   data	    bss	    dec	    hex	filename
  47680	   1424	   2384	  51488	   c920	Snake.elf
'Finished building: Snake.elf.size'
' '
'Invoking: Xilinx ELF Check'
elfcheck Snake.elf -hw ../../Snake_New_hw_platform/system.xml -pe microblaze_0  |tee "Snake.elf.elfcheck"
elfcheck
Xilinx EDK 14.7 Build EDK_P.20131013
Copyright (c) 1995-2012 Xilinx, Inc.  All rights reserved.

Command Line: elfcheck -hw ../../Snake_New_hw_platform/system.xml -pe
microblaze_0 Snake.elf 

ELF file	: Snake.elf
elfcheck passed.
'Finished building: Snake.elf.elfcheck'
' '
17:07:00 **** Auto Build of project standalone_bsp_0 ****
make -k all 
'Finished building libraries'
18:06:52 **** Auto Build of project standalone_bsp_0 ****
make -k all 
'Finished building libraries'
18:08:17 **** Auto Build of configuration Debug for project Snake ****
make all 
'Building file: ../src/snake.c'
'Invoking: MicroBlaze gcc compiler'
mb-gcc -Wall -O0 -g3 -c -fmessage-length=0 -I../../standalone_bsp_0/microblaze_0/include -mlittle-endian -mxl-barrel-shift -mxl-pattern-compare -mcpu=v8.50.c -mno-xl-soft-mul -Wl,--no-relax -ffunction-sections -fdata-sections -MMD -MP -MF"src/snake.d" -MT"src/snake.d" -o "src/snake.o" "../src/snake.c"
../src/snake.c: In function 'gaming':
../src/snake.c:303:3: warning: suggest parentheses around assignment used as truth value [-Wparentheses]
'Finished building: ../src/snake.c'
' '
'Building target: Snake.elf'
'Invoking: MicroBlaze gcc linker'
mb-gcc -Wl,-T -Wl,../src/lscript.ld -L../../standalone_bsp_0/microblaze_0/lib -mlittle-endian -mxl-barrel-shift -mxl-pattern-compare -mcpu=v8.50.c -mno-xl-soft-mul -Wl,--no-relax -Wl,--gc-sections -o "Snake.elf"  ./src/snake.o   -Wl,--start-group,-lxil,-lgcc,-lc,--end-group
'Finished building target: Snake.elf'
' '
'Invoking: MicroBlaze Print Size'
mb-size Snake.elf  |tee "Snake.elf.size"
   text	   data	    bss	    dec	    hex	filename
  47680	   1424	   2384	  51488	   c920	Snake.elf
'Finished building: Snake.elf.size'
' '
'Invoking: Xilinx ELF Check'
elfcheck Snake.elf -hw ../../Snake_New_hw_platform/system.xml -pe microblaze_0  |tee "Snake.elf.elfcheck"
elfcheck
Xilinx EDK 14.7 Build EDK_P.20131013
Copyright (c) 1995-2012 Xilinx, Inc.  All rights reserved.

Command Line: elfcheck -hw ../../Snake_New_hw_platform/system.xml -pe
microblaze_0 Snake.elf 

ELF file	: Snake.elf
elfcheck passed.
'Finished building: Snake.elf.elfcheck'
' '
18:09:36 **** Auto Build of project standalone_bsp_0 ****
make -k all 
'Finished building libraries'
18:17:40 **** Auto Build of configuration Debug for project Snake ****
make all 
make: Nothing to be done for `all'.
18:18:17 **** Auto Build of project standalone_bsp_0 ****
make -k all 
'Finished building libraries'
18:30:43 **** Auto Build of configuration Debug for project Snake ****
make all 
'Building file: ../src/snake.c'
'Invoking: MicroBlaze gcc compiler'
mb-gcc -Wall -O0 -g3 -c -fmessage-length=0 -I../../standalone_bsp_0/microblaze_0/include -mlittle-endian -mxl-barrel-shift -mxl-pattern-compare -mcpu=v8.50.c -mno-xl-soft-mul -Wl,--no-relax -ffunction-sections -fdata-sections -MMD -MP -MF"src/snake.d" -MT"src/snake.d" -o "src/snake.o" "../src/snake.c"
../src/snake.c: In function 'gaming':
../src/snake.c:303:3: warning: suggest parentheses around assignment used as truth value [-Wparentheses]
'Finished building: ../src/snake.c'
' '
'Building target: Snake.elf'
'Invoking: MicroBlaze gcc linker'
mb-gcc -Wl,-T -Wl,../src/lscript.ld -L../../standalone_bsp_0/microblaze_0/lib -mlittle-endian -mxl-barrel-shift -mxl-pattern-compare -mcpu=v8.50.c -mno-xl-soft-mul -Wl,--no-relax -Wl,--gc-sections -o "Snake.elf"  ./src/snake.o   -Wl,--start-group,-lxil,-lgcc,-lc,--end-group
'Finished building target: Snake.elf'
' '
'Invoking: MicroBlaze Print Size'
mb-size Snake.elf  |tee "Snake.elf.size"
   text	   data	    bss	    dec	    hex	filename
  58720	   1424	   2384	  62528	   f440	Snake.elf
'Finished building: Snake.elf.size'
' '
'Invoking: Xilinx ELF Check'
elfcheck Snake.elf -hw ../../Snake_New_hw_platform/system.xml -pe microblaze_0  |tee "Snake.elf.elfcheck"
elfcheck
Xilinx EDK 14.7 Build EDK_P.20131013
Copyright (c) 1995-2012 Xilinx, Inc.  All rights reserved.

Command Line: elfcheck -hw ../../Snake_New_hw_platform/system.xml -pe
microblaze_0 Snake.elf 

ELF file	: Snake.elf
elfcheck passed.
'Finished building: Snake.elf.elfcheck'
' '
18:32:24 **** Auto Build of project standalone_bsp_0 ****
make -k all 
'Finished building libraries'
18:34:02 **** Auto Build of project standalone_bsp_0 ****
make -k all 
'Finished building libraries'
18:44:18 **** Auto Build of configuration Debug for project Snake ****
make all 
make: Nothing to be done for `all'.
18:45:48 **** Auto Build of project standalone_bsp_0 ****
make -k all 
'Finished building libraries'
18:48:48 **** Auto Build of project standalone_bsp_0 ****
make -k all 
'Finished building libraries'
18:53:32 **** Auto Build of configuration Debug for project Snake ****
make all 
'Building file: ../src/snake.c'
'Invoking: MicroBlaze gcc compiler'
mb-gcc -Wall -O0 -g3 -c -fmessage-length=0 -I../../standalone_bsp_0/microblaze_0/include -mlittle-endian -mxl-barrel-shift -mxl-pattern-compare -mcpu=v8.50.c -mno-xl-soft-mul -Wl,--no-relax -ffunction-sections -fdata-sections -MMD -MP -MF"src/snake.d" -MT"src/snake.d" -o "src/snake.o" "../src/snake.c"
../src/snake.c: In function 'GameOver_Show':
../src/snake.c:248:35: error: 'gImage_gameover' undeclared (first use in this function)
../src/snake.c:248:35: note: each undeclared identifier is reported only once for each function it appears in
../src/snake.c: In function 'gaming':
../src/snake.c:303:3: warning: suggest parentheses around assignment used as truth value [-Wparentheses]
make: *** [src/snake.o] ´íÎó 1
18:55:39 **** Auto Build of configuration Debug for project Snake ****
make all 
'Building file: ../src/snake.c'
'Invoking: MicroBlaze gcc compiler'
mb-gcc -Wall -O0 -g3 -c -fmessage-length=0 -I../../standalone_bsp_0/microblaze_0/include -mlittle-endian -mxl-barrel-shift -mxl-pattern-compare -mcpu=v8.50.c -mno-xl-soft-mul -Wl,--no-relax -ffunction-sections -fdata-sections -MMD -MP -MF"src/snake.d" -MT"src/snake.d" -o "src/snake.o" "../src/snake.c"
../src/snake.c: In function 'GameOver_Show':
../src/snake.c:248:35: error: 'gImage_gameover' undeclared (first use in this function)
../src/snake.c:248:35: note: each undeclared identifier is reported only once for each function it appears in
../src/snake.c: In function 'gaming':
../src/snake.c:303:3: warning: suggest parentheses around assignment used as truth value [-Wparentheses]
make: *** [src/snake.o] ´íÎó 1
18:56:11 **** Auto Build of configuration Debug for project Snake ****
make all 
'Building file: ../src/snake.c'
'Invoking: MicroBlaze gcc compiler'
mb-gcc -Wall -O0 -g3 -c -fmessage-length=0 -I../../standalone_bsp_0/microblaze_0/include -mlittle-endian -mxl-barrel-shift -mxl-pattern-compare -mcpu=v8.50.c -mno-xl-soft-mul -Wl,--no-relax -ffunction-sections -fdata-sections -MMD -MP -MF"src/snake.d" -MT"src/snake.d" -o "src/snake.o" "../src/snake.c"
../src/snake.c: In function 'GameOver_Show':
../src/snake.c:248:35: error: 'gImage_gameover' undeclared (first use in this function)
../src/snake.c:248:35: note: each undeclared identifier is reported only once for each function it appears in
../src/snake.c: In function 'gaming':
../src/snake.c:302:3: warning: suggest parentheses around assignment used as truth value [-Wparentheses]
make: *** [src/snake.o] ´íÎó 1
18:58:47 **** Auto Build of configuration Debug for project Snake ****
make all 
'Building file: ../src/snake.c'
'Invoking: MicroBlaze gcc compiler'
mb-gcc -Wall -O0 -g3 -c -fmessage-length=0 -I../../standalone_bsp_0/microblaze_0/include -mlittle-endian -mxl-barrel-shift -mxl-pattern-compare -mcpu=v8.50.c -mno-xl-soft-mul -Wl,--no-relax -ffunction-sections -fdata-sections -MMD -MP -MF"src/snake.d" -MT"src/snake.d" -o "src/snake.o" "../src/snake.c"
../src/snake.c: In function 'GameOver_Show':
../src/snake.c:248:35: error: 'gImage_gameover' undeclared (first use in this function)
../src/snake.c:248:35: note: each undeclared identifier is reported only once for each function it appears in
../src/snake.c: In function 'gaming':
../src/snake.c:303:3: warning: suggest parentheses around assignment used as truth value [-Wparentheses]
make: *** [src/snake.o] ´íÎó 1
19:00:27 **** Auto Build of configuration Debug for project Snake ****
make all 
'Building file: ../src/snake.c'
'Invoking: MicroBlaze gcc compiler'
mb-gcc -Wall -O0 -g3 -c -fmessage-length=0 -I../../standalone_bsp_0/microblaze_0/include -mlittle-endian -mxl-barrel-shift -mxl-pattern-compare -mcpu=v8.50.c -mno-xl-soft-mul -Wl,--no-relax -ffunction-sections -fdata-sections -MMD -MP -MF"src/snake.d" -MT"src/snake.d" -o "src/snake.o" "../src/snake.c"
../src/snake.c: In function 'gaming':
../src/snake.c:303:3: warning: suggest parentheses around assignment used as truth value [-Wparentheses]
'Finished building: ../src/snake.c'
' '
'Building target: Snake.elf'
'Invoking: MicroBlaze gcc linker'
mb-gcc -Wl,-T -Wl,../src/lscript.ld -L../../standalone_bsp_0/microblaze_0/lib -mlittle-endian -mxl-barrel-shift -mxl-pattern-compare -mcpu=v8.50.c -mno-xl-soft-mul -Wl,--no-relax -Wl,--gc-sections -o "Snake.elf"  ./src/snake.o   -Wl,--start-group,-lxil,-lgcc,-lc,--end-group
'Finished building target: Snake.elf'
' '
'Invoking: MicroBlaze Print Size'
mb-size Snake.elf  |tee "Snake.elf.size"
   text	   data	    bss	    dec	    hex	filename
  57944	   1424	   2384	  61752	   f138	Snake.elf
'Finished building: Snake.elf.size'
' '
'Invoking: Xilinx ELF Check'
elfcheck Snake.elf -hw ../../Snake_New_hw_platform/system.xml -pe microblaze_0  |tee "Snake.elf.elfcheck"
elfcheck
Xilinx EDK 14.7 Build EDK_P.20131013
Copyright (c) 1995-2012 Xilinx, Inc.  All rights reserved.

Command Line: elfcheck -hw ../../Snake_New_hw_platform/system.xml -pe
microblaze_0 Snake.elf 

ELF file	: Snake.elf
elfcheck passed.
'Finished building: Snake.elf.elfcheck'
' '
19:00:55 **** Auto Build of configuration Debug for project Snake ****
make all 
'Building file: ../src/snake.c'
'Invoking: MicroBlaze gcc compiler'
mb-gcc -Wall -O0 -g3 -c -fmessage-length=0 -I../../standalone_bsp_0/microblaze_0/include -mlittle-endian -mxl-barrel-shift -mxl-pattern-compare -mcpu=v8.50.c -mno-xl-soft-mul -Wl,--no-relax -ffunction-sections -fdata-sections -MMD -MP -MF"src/snake.d" -MT"src/snake.d" -o "src/snake.o" "../src/snake.c"
../src/snake.c: In function 'gaming':
../src/snake.c:303:3: warning: suggest parentheses around assignment used as truth value [-Wparentheses]
'Finished building: ../src/snake.c'
' '
'Building target: Snake.elf'
'Invoking: MicroBlaze gcc linker'
mb-gcc -Wl,-T -Wl,../src/lscript.ld -L../../standalone_bsp_0/microblaze_0/lib -mlittle-endian -mxl-barrel-shift -mxl-pattern-compare -mcpu=v8.50.c -mno-xl-soft-mul -Wl,--no-relax -Wl,--gc-sections -o "Snake.elf"  ./src/snake.o   -Wl,--start-group,-lxil,-lgcc,-lc,--end-group
'Finished building target: Snake.elf'
' '
'Invoking: MicroBlaze Print Size'
mb-size Snake.elf  |tee "Snake.elf.size"
   text	   data	    bss	    dec	    hex	filename
  57944	   1424	   2384	  61752	   f138	Snake.elf
'Finished building: Snake.elf.size'
' '
'Invoking: Xilinx ELF Check'
elfcheck Snake.elf -hw ../../Snake_New_hw_platform/system.xml -pe microblaze_0  |tee "Snake.elf.elfcheck"
elfcheck
Xilinx EDK 14.7 Build EDK_P.20131013
Copyright (c) 1995-2012 Xilinx, Inc.  All rights reserved.

Command Line: elfcheck -hw ../../Snake_New_hw_platform/system.xml -pe
microblaze_0 Snake.elf 

ELF file	: Snake.elf
elfcheck passed.
'Finished building: Snake.elf.elfcheck'
' '
19:02:17 **** Auto Build of project standalone_bsp_0 ****
make -k all 
'Finished building libraries'
19:03:49 **** Auto Build of configuration Debug for project Snake ****
make all 
'Building file: ../src/snake.c'
'Invoking: MicroBlaze gcc compiler'
mb-gcc -Wall -O0 -g3 -c -fmessage-length=0 -I../../standalone_bsp_0/microblaze_0/include -mlittle-endian -mxl-barrel-shift -mxl-pattern-compare -mcpu=v8.50.c -mno-xl-soft-mul -Wl,--no-relax -ffunction-sections -fdata-sections -MMD -MP -MF"src/snake.d" -MT"src/snake.d" -o "src/snake.o" "../src/snake.c"
../src/snake.c: In function 'gaming':
../src/snake.c:303:3: warning: suggest parentheses around assignment used as truth value [-Wparentheses]
'Finished building: ../src/snake.c'
' '
'Building target: Snake.elf'
'Invoking: MicroBlaze gcc linker'
mb-gcc -Wl,-T -Wl,../src/lscript.ld -L../../standalone_bsp_0/microblaze_0/lib -mlittle-endian -mxl-barrel-shift -mxl-pattern-compare -mcpu=v8.50.c -mno-xl-soft-mul -Wl,--no-relax -Wl,--gc-sections -o "Snake.elf"  ./src/snake.o   -Wl,--start-group,-lxil,-lgcc,-lc,--end-group
'Finished building target: Snake.elf'
' '
'Invoking: MicroBlaze Print Size'
mb-size Snake.elf  |tee "Snake.elf.size"
   text	   data	    bss	    dec	    hex	filename
  57944	   1424	   2384	  61752	   f138	Snake.elf
'Finished building: Snake.elf.size'
' '
'Invoking: Xilinx ELF Check'
elfcheck Snake.elf -hw ../../Snake_New_hw_platform/system.xml -pe microblaze_0  |tee "Snake.elf.elfcheck"
elfcheck
Xilinx EDK 14.7 Build EDK_P.20131013
Copyright (c) 1995-2012 Xilinx, Inc.  All rights reserved.

Command Line: elfcheck -hw ../../Snake_New_hw_platform/system.xml -pe
microblaze_0 Snake.elf 

ELF file	: Snake.elf
elfcheck passed.
'Finished building: Snake.elf.elfcheck'
' '
19:04:56 **** Auto Build of project standalone_bsp_0 ****
make -k all 
'Finished building libraries'
19:05:55 **** Auto Build of project standalone_bsp_0 ****
make -k all 
'Finished building libraries'
19:07:52 **** Auto Build of configuration Debug for project Snake ****
make all 
'Building file: ../src/snake.c'
'Invoking: MicroBlaze gcc compiler'
mb-gcc -Wall -O0 -g3 -c -fmessage-length=0 -I../../standalone_bsp_0/microblaze_0/include -mlittle-endian -mxl-barrel-shift -mxl-pattern-compare -mcpu=v8.50.c -mno-xl-soft-mul -Wl,--no-relax -ffunction-sections -fdata-sections -MMD -MP -MF"src/snake.d" -MT"src/snake.d" -o "src/snake.o" "../src/snake.c"
../src/snake.c: In function 'gaming':
../src/snake.c:303:3: warning: suggest parentheses around assignment used as truth value [-Wparentheses]
'Finished building: ../src/snake.c'
' '
'Building target: Snake.elf'
'Invoking: MicroBlaze gcc linker'
mb-gcc -Wl,-T -Wl,../src/lscript.ld -L../../standalone_bsp_0/microblaze_0/lib -mlittle-endian -mxl-barrel-shift -mxl-pattern-compare -mcpu=v8.50.c -mno-xl-soft-mul -Wl,--no-relax -Wl,--gc-sections -o "Snake.elf"  ./src/snake.o   -Wl,--start-group,-lxil,-lgcc,-lc,--end-group
'Finished building target: Snake.elf'
' '
'Invoking: MicroBlaze Print Size'
mb-size Snake.elf  |tee "Snake.elf.size"
   text	   data	    bss	    dec	    hex	filename
  57944	   1424	   2384	  61752	   f138	Snake.elf
'Finished building: Snake.elf.size'
' '
'Invoking: Xilinx ELF Check'
elfcheck Snake.elf -hw ../../Snake_New_hw_platform/system.xml -pe microblaze_0  |tee "Snake.elf.elfcheck"
elfcheck
Xilinx EDK 14.7 Build EDK_P.20131013
Copyright (c) 1995-2012 Xilinx, Inc.  All rights reserved.

Command Line: elfcheck -hw ../../Snake_New_hw_platform/system.xml -pe
microblaze_0 Snake.elf 

ELF file	: Snake.elf
elfcheck passed.
'Finished building: Snake.elf.elfcheck'
' '
19:08:54 **** Auto Build of project standalone_bsp_0 ****
make -k all 
'Finished building libraries'
19:11:17 **** Auto Build of configuration Debug for project Snake ****
make all 
'Building file: ../src/snake.c'
'Invoking: MicroBlaze gcc compiler'
mb-gcc -Wall -O0 -g3 -c -fmessage-length=0 -I../../standalone_bsp_0/microblaze_0/include -mlittle-endian -mxl-barrel-shift -mxl-pattern-compare -mcpu=v8.50.c -mno-xl-soft-mul -Wl,--no-relax -ffunction-sections -fdata-sections -MMD -MP -MF"src/snake.d" -MT"src/snake.d" -o "src/snake.o" "../src/snake.c"
../src/snake.c: In function 'gaming':
../src/snake.c:303:3: warning: suggest parentheses around assignment used as truth value [-Wparentheses]
[...]
' '
'Building target: mysnack.elf'
'Invoking: MicroBlaze gcc linker'
mb-gcc -Wl,-T -Wl,../src/lscript.ld -L../../standalone_bsp_0/microblaze_0/lib -mlittle-endian -mxl-barrel-shift -mxl-pattern-compare -mcpu=v8.50.c -mno-xl-soft-mul -Wl,--no-relax -Wl,--gc-sections -o "mysnack.elf"  ./src/snake.o   -Wl,--start-group,-lxil,-lgcc,-lc,--end-group
'Finished building target: mysnack.elf'
' '
'Invoking: MicroBlaze Print Size'
mb-size mysnack.elf  |tee "mysnack.elf.size"
   text	   data	    bss	    dec	    hex	filename
 450768	   2576	   2400	 455744	  6f440	mysnack.elf
'Finished building: mysnack.elf.size'
' '
'Invoking: Xilinx ELF Check'
elfcheck mysnack.elf -hw ../../Snake_New_hw_platform/system.xml -pe microblaze_0  |tee "mysnack.elf.elfcheck"
elfcheck
Xilinx EDK 14.7 Build EDK_P.20131013
Copyright (c) 1995-2012 Xilinx, Inc.  All rights reserved.

Command Line: elfcheck -hw ../../Snake_New_hw_platform/system.xml -pe
microblaze_0 mysnack.elf 

ELF file	: mysnack.elf
elfcheck passed.
'Finished building: mysnack.elf.elfcheck'
' '
18:45:35 **** Incremental Build of configuration Debug for project mysnack ****
make all 
make: Nothing to be done for `all'.
18:45:36 **** Incremental Build of configuration Debug for project Snake ****
make all 
make: Nothing to be done for `all'.
18:48:36 **** Incremental Build of configuration Debug for project mysnack ****
make all 
make: Nothing to be done for `all'.
18:48:37 **** Incremental Build of configuration Debug for project Snake ****
make all 
make: Nothing to be done for `all'.
18:48:48 **** Auto Build of configuration Debug for project mysnack ****
make all 
'Building file: ../src/snake.c'
'Invoking: MicroBlaze gcc compiler'
mb-gcc -Wall -O0 -g3 -c -fmessage-length=0 -I../../standalone_bsp_0/microblaze_0/include -mlittle-endian -mxl-barrel-shift -mxl-pattern-compare -mcpu=v8.50.c -mno-xl-soft-mul -Wl,--no-relax -ffunction-sections -fdata-sections -MMD -MP -MF"src/snake.d" -MT"src/snake.d" -o "src/snake.o" "../src/snake.c"
../src/snake.c: In function 'GameOver_Show':
../src/snake.c:277:2: warning: pointer targets in passing argument 2 of 'TftWriteString' differ in signedness [-Wpointer-sign]
../src/snake.c:30:5: note: expected 'const u8 *' but argument is of type 'char *'
../src/snake.c:279:2: warning: pointer targets in passing argument 2 of 'TftWriteString' differ in signedness [-Wpointer-sign]
../src/snake.c:30:5: note: expected 'const u8 *' but argument is of type 'char *'
../src/snake.c: In function 'gaming':
../src/snake.c:348:3: warning: suggest parentheses around assignment used as truth value [-Wparentheses]
../src/snake.c:362:4: warning: pointer targets in passing argument 2 of 'TftWriteString' differ in signedness [-Wpointer-sign]
../src/snake.c:30:5: note: expected 'const u8 *' but argument is of type 'char *'
../src/snake.c: In function 'main':
../src/snake.c:394:4: warning: pointer targets in passing argument 2 of 'TftWriteString' differ in signedness [-Wpointer-sign]
../src/snake.c:30:5: note: expected 'const u8 *' but argument is of type 'char *'
'Finished building: ../src/snake.c'
' '
'Building target: mysnack.elf'
'Invoking: MicroBlaze gcc linker'
mb-gcc -Wl,-T -Wl,../src/lscript.ld -L../../standalone_bsp_0/microblaze_0/lib -mlittle-endian -mxl-barrel-shift -mxl-pattern-compare -mcpu=v8.50.c -mno-xl-soft-mul -Wl,--no-relax -Wl,--gc-sections -o "mysnack.elf"  ./src/snake.o   -Wl,--start-group,-lxil,-lgcc,-lc,--end-group
'Finished building target: mysnack.elf'
' '
'Invoking: MicroBlaze Print Size'
mb-size mysnack.elf  |tee "mysnack.elf.size"
   text	   data	    bss	    dec	    hex	filename
 450768	   2576	   2400	 455744	  6f440	mysnack.elf
'Finished building: mysnack.elf.size'
' '
'Invoking: Xilinx ELF Check'
elfcheck mysnack.elf -hw ../../Snake_New_hw_platform/system.xml -pe microblaze_0  |tee "mysnack.elf.elfcheck"
elfcheck
Xilinx EDK 14.7 Build EDK_P.20131013
Copyright (c) 1995-2012 Xilinx, Inc.  All rights reserved.

Command Line: elfcheck -hw ../../Snake_New_hw_platform/system.xml -pe
microblaze_0 mysnack.elf 

ELF file	: mysnack.elf
elfcheck passed.
'Finished building: mysnack.elf.elfcheck'
' '
18:50:31 **** Incremental Build of configuration Debug for project mysnack ****
make all 
make: Nothing to be done for `all'.
18:50:31 **** Incremental Build of configuration Debug for project Snake ****
make all 
make: Nothing to be done for `all'.
18:51:03 **** Incremental Build of configuration Debug for project mysnack ****
make all 
make: Nothing to be done for `all'.
18:51:04 **** Incremental Build of configuration Debug for project Snake ****
make all 
make: Nothing to be done for `all'.
18:53:58 **** Auto Build of configuration Debug for project mysnack ****
make all 
'Building file: ../src/snake.c'
'Invoking: MicroBlaze gcc compiler'
mb-gcc -Wall -O0 -g3 -c -fmessage-length=0 -I../../standalone_bsp_0/microblaze_0/include -mlittle-endian -mxl-barrel-shift -mxl-pattern-compare -mcpu=v8.50.c -mno-xl-soft-mul -Wl,--no-relax -ffunction-sections -fdata-sections -MMD -MP -MF"src/snake.d" -MT"src/snake.d" -o "src/snake.o" "../src/snake.c"
../src/snake.c: In function 'RemoveSnk':
../src/snake.c:146:5: warning: statement with no effect [-Wunused-value]
../src/snake.c:147:5: error: expected ';' before 'XTft_SetPixel'
../src/snake.c: In function 'GameOver_Show':
../src/snake.c:277:2: warning: pointer targets in passing argument 2 of 'TftWriteString' differ in signedness [-Wpointer-sign]
../src/snake.c:30:5: note: expected 'const u8 *' but argument is of type 'char *'
../src/snake.c:279:2: warning: pointer targets in passing argument 2 of 'TftWriteString' differ in signedness [-Wpointer-sign]
../src/snake.c:30:5: note: expected 'const u8 *' but argument is of type 'char *'
../src/snake.c: In function 'gaming':
../src/snake.c:348:3: warning: suggest parentheses around assignment used as truth value [-Wparentheses]
../src/snake.c:362:4: warning: pointer targets in passing argument 2 of 'TftWriteString' differ in signedness [-Wpointer-sign]
../src/snake.c:30:5: note: expected 'const u8 *' but argument is of type 'char *'
../src/snake.c: In function 'main':
../src/snake.c:394:4: warning: pointer targets in passing argument 2 of 'TftWriteString' differ in signedness [-Wpointer-sign]
../src/snake.c:30:5: note: expected 'const u8 *' but argument is of type 'char *'
make: *** [src/snake.o] ´íÎó 1
18:53:59 **** Incremental Build of configuration Debug for project mysnack ****
make all 
'Building file: ../src/snake.c'
'Invoking: MicroBlaze gcc compiler'
mb-gcc -Wall -O0 -g3 -c -fmessage-length=0 -I../../standalone_bsp_0/microblaze_0/include -mlittle-endian -mxl-barrel-shift -mxl-pattern-compare -mcpu=v8.50.c -mno-xl-soft-mul -Wl,--no-relax -ffunction-sections -fdata-sections -MMD -MP -MF"src/snake.d" -MT"src/snake.d" -o "src/snake.o" "../src/snake.c"
../src/snake.c: In function 'RemoveSnk':
../src/snake.c:146:5: warning: statement with no effect [-Wunused-value]
../src/snake.c:147:5: error: expected ';' before 'XTft_SetPixel'
../src/snake.c: In function 'GameOver_Show':
../src/snake.c:277:2: warning: pointer targets in passing argument 2 of 'TftWriteString' differ in signedness [-Wpointer-sign]
../src/snake.c:30:5: note: expected 'const u8 *' but argument is of type 'char *'
../src/snake.c:279:2: warning: pointer targets in passing argument 2 of 'TftWriteString' differ in signedness [-Wpointer-sign]
../src/snake.c:30:5: note: expected 'const u8 *' but argument is of type 'char *'
../src/snake.c: In function 'gaming':
../src/snake.c:348:3: warning: suggest parentheses around assignment used as truth value [-Wparentheses]
../src/snake.c:362:4: warning: pointer targets in passing argument 2 of 'TftWriteString' differ in signedness [-Wpointer-sign]
../src/snake.c:30:5: note: expected 'const u8 *' but argument is of type 'char *'
../src/snake.c: In function 'main':
../src/snake.c:394:4: warning: pointer targets in passing argument 2 of 'TftWriteString' differ in signedness [-Wpointer-sign]
../src/snake.c:30:5: note: expected 'const u8 *' but argument is of type 'char *'
make: *** [src/snake.o] ´íÎó 1
18:54:01 **** Incremental Build of configuration Debug for project Snake ****
make all 
Command canceled
18:54:03 **** Incremental Build of configuration Debug for project mysnack ****
make all 
'Building file: ../src/snake.c'
'Invoking: MicroBlaze gcc compiler'
mb-gcc -Wall -O0 -g3 -c -fmessage-length=0 -I../../standalone_bsp_0/microblaze_0/include -mlittle-endian -mxl-barrel-shift -mxl-pattern-compare -mcpu=v8.50.c -mno-xl-soft-mul -Wl,--no-relax -ffunction-sections -fdata-sections -MMD -MP -MF"src/snake.d" -MT"src/snake.d" -o "src/snake.o" "../src/snake.c"
../src/snake.c: In function 'RemoveSnk':
../src/snake.c:146:5: warning: statement with no effect [-Wunused-value]
../src/snake.c:147:5: error: expected ';' before 'XTft_SetPixel'
../src/snake.c: In function 'GameOver_Show':
../src/snake.c:277:2: warning: pointer targets in passing argument 2 of 'TftWriteString' differ in signedness [-Wpointer-sign]
../src/snake.c:30:5: note: expected 'const u8 *' but argument is of type 'char *'
../src/snake.c:279:2: warning: pointer targets in passing argument 2 of 'TftWriteString' differ in signedness [-Wpointer-sign]
../src/snake.c:30:5: note: expected 'const u8 *' but argument is of type 'char *'
../src/snake.c: In function 'gaming':
../src/snake.c:348:3: warning: suggest parentheses around assignment used as truth value [-Wparentheses]
../src/snake.c:362:4: warning: pointer targets in passing argument 2 of 'TftWriteString' differ in signedness [-Wpointer-sign]
../src/snake.c:30:5: note: expected 'const u8 *' but argument is of type 'char *'
../src/snake.c: In function 'main':
../src/snake.c:394:4: warning: pointer targets in passing argument 2 of 'TftWriteString' differ in signedness [-Wpointer-sign]
../src/snake.c:30:5: note: expected 'const u8 *' but argument is of type 'char *'
make: *** [src/snake.o] ´íÎó 1
18:54:04 **** Build of configuration Debug for project Snake ****
make all 
make: Nothing to be done for `all'.
18:54:12 **** Auto Build of configuration Debug for project mysnack ****
make all 
'Building file: ../src/snake.c'
'Invoking: MicroBlaze gcc compiler'
mb-gcc -Wall -O0 -g3 -c -fmessage-length=0 -I../../standalone_bsp_0/microblaze_0/include -mlittle-endian -mxl-barrel-shift -mxl-pattern-compare -mcpu=v8.50.c -mno-xl-soft-mul -Wl,--no-relax -ffunction-sections -fdata-sections -MMD -MP -MF"src/snake.d" -MT"src/snake.d" -o "src/snake.o" "../src/snake.c"
../src/snake.c: In function 'RemoveSnk':
../src/snake.c:146:5: warning: statement with no effect [-Wunused-value]
../src/snake.c:147:5: error: expected ';' before 'XTft_SetPixel'
../src/snake.c: In function 'GameOver_Show':
../src/snake.c:277:2: warning: pointer targets in passing argument 2 of 'TftWriteString' differ in signedness [-Wpointer-sign]
../src/snake.c:30:5: note: expected 'const u8 *' but argument is of type 'char *'
../src/snake.c:279:2: warning: pointer targets in passing argument 2 of 'TftWriteString' differ in signedness [-Wpointer-sign]
../src/snake.c:30:5: note: expected 'const u8 *' but argument is of type 'char *'
../src/snake.c: In function 'gaming':
../src/snake.c:348:3: warning: suggest parentheses around assignment used as truth value [-Wparentheses]
../src/snake.c:362:4: warning: pointer targets in passing argument 2 of 'TftWriteString' differ in signedness [-Wpointer-sign]
../src/snake.c:30:5: note: expected 'const u8 *' but argument is of type 'char *'
../src/snake.c: In function 'main':
../src/snake.c:394:4: warning: pointer targets in passing argument 2 of 'TftWriteString' differ in signedness [-Wpointer-sign]
../src/snake.c:30:5: note: expected 'const u8 *' but argument is of type 'char *'
make: *** [src/snake.o] ´íÎó 1
18:54:14 **** Incremental Build of configuration Debug for project mysnack ****
make all 
'Building file: ../src/snake.c'
'Invoking: MicroBlaze gcc compiler'
mb-gcc -Wall -O0 -g3 -c -fmessage-length=0 -I../../standalone_bsp_0/microblaze_0/include -mlittle-endian -mxl-barrel-shift -mxl-pattern-compare -mcpu=v8.50.c -mno-xl-soft-mul -Wl,--no-relax -ffunction-sections -fdata-sections -MMD -MP -MF"src/snake.d" -MT"src/snake.d" -o "src/snake.o" "../src/snake.c"
../src/snake.c: In function 'RemoveSnk':
../src/snake.c:146:5: warning: statement with no effect [-Wunused-value]
../src/snake.c:147:5: error: expected ';' before 'XTft_SetPixel'
../src/snake.c: In function 'GameOver_Show':
../src/snake.c:277:2: warning: pointer targets in passing argument 2 of 'TftWriteString' differ in signedness [-Wpointer-sign]
../src/snake.c:30:5: note: expected 'const u8 *' but argument is of type 'char *'
../src/snake.c:279:2: warning: pointer targets in passing argument 2 of 'TftWriteString' differ in signedness [-Wpointer-sign]
../src/snake.c:30:5: note: expected 'const u8 *' but argument is of type 'char *'
../src/snake.c: In function 'gaming':
../src/snake.c:348:3: warning: suggest parentheses around assignment used as truth value [-Wparentheses]
../src/snake.c:362:4: warning: pointer targets in passing argument 2 of 'TftWriteString' differ in signedness [-Wpointer-sign]
../src/snake.c:30:5: note: expected 'const u8 *' but argument is of type 'char *'
../src/snake.c: In function 'main':
../src/snake.c:394:4: warning: pointer targets in passing argument 2 of 'TftWriteString' differ in signedness [-Wpointer-sign]
../src/snake.c:30:5: note: expected 'const u8 *' but argument is of type 'char *'
make: *** [src/snake.o] ´íÎó 1
18:54:15 **** Incremental Build of configuration Debug for project Snake ****
make all 
make: Nothing to be done for `all'.
18:54:24 **** Auto Build of configuration Debug for project mysnack ****
make all 
'Building file: ../src/snake.c'
'Invoking: MicroBlaze gcc compiler'
mb-gcc -Wall -O0 -g3 -c -fmessage-length=0 -I../../standalone_bsp_0/microblaze_0/include -mlittle-endian -mxl-barrel-shift -mxl-pattern-compare -mcpu=v8.50.c -mno-xl-soft-mul -Wl,--no-relax -ffunction-sections -fdata-sections -MMD -MP -MF"src/snake.d" -MT"src/snake.d" -o "src/snake.o" "../src/snake.c"
../src/snake.c: In function 'GameOver_Show':
../src/snake.c:277:2: warning: pointer targets in passing argument 2 of 'TftWriteString' differ in signedness [-Wpointer-sign]
../src/snake.c:30:5: note: expected 'const u8 *' but argument is of type 'char *'
../src/snake.c:279:2: warning: pointer targets in passing argument 2 of 'TftWriteString' differ in signedness [-Wpointer-sign]
../src/snake.c:30:5: note: expected 'const u8 *' but argument is of type 'char *'
../src/snake.c: In function 'gaming':
../src/snake.c:348:3: warning: suggest parentheses around assignment used as truth value [-Wparentheses]
../src/snake.c:362:4: warning: pointer targets in passing argument 2 of 'TftWriteString' differ in signedness [-Wpointer-sign]
../src/snake.c:30:5: note: expected 'const u8 *' but argument is of type 'char *'
../src/snake.c: In function 'main':
../src/snake.c:394:4: warning: pointer targets in passing argument 2 of 'TftWriteString' differ in signedness [-Wpointer-sign]
../src/snake.c:30:5: note: expected 'const u8 *' but argument is of type 'char *'
'Finished building: ../src/snake.c'
' '
'Building target: mysnack.elf'
'Invoking: MicroBlaze gcc linker'
mb-gcc -Wl,-T -Wl,../src/lscript.ld -L../../standalone_bsp_0/microblaze_0/lib -mlittle-endian -mxl-barrel-shift -mxl-pattern-compare -mcpu=v8.50.c -mno-xl-soft-mul -Wl,--no-relax -Wl,--gc-sections -o "mysnack.elf"  ./src/snake.o   -Wl,--start-group,-lxil,-lgcc,-lc,--end-group
'Finished building target: mysnack.elf'
' '
'Invoking: MicroBlaze Print Size'
mb-size mysnack.elf  |tee "mysnack.elf.size"
   text	   data	    bss	    dec	    hex	filename
 450752	   2576	   2400	 455728	  6f430	mysnack.elf
'Finished building: mysnack.elf.size'
' '
'Invoking: Xilinx ELF Check'
elfcheck mysnack.elf -hw ../../Snake_New_hw_platform/system.xml -pe microblaze_0  |tee "mysnack.elf.elfcheck"
elfcheck
Xilinx EDK 14.7 Build EDK_P.20131013
Copyright (c) 1995-2012 Xilinx, Inc.  All rights reserved.

Command Line: elfcheck -hw ../../Snake_New_hw_platform/system.xml -pe
microblaze_0 mysnack.elf 

ELF file	: mysnack.elf
elfcheck passed.
'Finished building: mysnack.elf.elfcheck'
' '
18:54:31 **** Incremental Build of configuration Debug for project mysnack ****
make all 
make: Nothing to be done for `all'.
18:54:31 **** Incremental Build of configuration Debug for project Snake ****
make all 
make: Nothing to be done for `all'.
18:59:34 **** Incremental Build of configuration Debug for project mysnack ****
make all 
make: Nothing to be done for `all'.
18:59:35 **** Incremental Build of configuration Debug for project Snake ****
make all 
make: Nothing to be done for `all'.
18:59:55 **** Auto Build of configuration Debug for project mysnack ****
make all 
'Building file: ../src/snake.c'
'Invoking: MicroBlaze gcc compiler'
mb-gcc -Wall -O0 -g3 -c -fmessage-length=0 -I../../standalone_bsp_0/microblaze_0/include -mlittle-endian -mxl-barrel-shift -mxl-pattern-compare -mcpu=v8.50.c -mno-xl-soft-mul -Wl,--no-relax -ffunction-sections -fdata-sections -MMD -MP -MF"src/snake.d" -MT"src/snake.d" -o "src/snake.o" "../src/snake.c"
../src/snake.c: In function 'GameOver_Show':
../src/snake.c:277:2: warning: pointer targets in passing argument 2 of 'TftWriteString' differ in signedness [-Wpointer-sign]
../src/snake.c:30:5: note: expected 'const u8 *' but argument is of type 'char *'
../src/snake.c:279:2: warning: pointer targets in passing argument 2 of 'TftWriteString' differ in signedness [-Wpointer-sign]
../src/snake.c:30:5: note: expected 'const u8 *' but argument is of type 'char *'
../src/snake.c: In function 'gaming':
../src/snake.c:348:3: warning: suggest parentheses around assignment used as truth value [-Wparentheses]
../src/snake.c:362:4: warning: pointer targets in passing argument 2 of 'TftWriteString' differ in signedness [-Wpointer-sign]
../src/snake.c:30:5: note: expected 'const u8 *' but argument is of type 'char *'
../src/snake.c: In function 'main':
../src/snake.c:394:4: warning: pointer targets in passing argument 2 of 'TftWriteString' differ in signedness [-Wpointer-sign]
../src/snake.c:30:5: note: expected 'const u8 *' but argument is of type 'char *'
'Finished building: ../src/snake.c'
' '
'Building target: mysnack.elf'
'Invoking: MicroBlaze gcc linker'
mb-gcc -Wl,-T -Wl,../src/lscript.ld -L../../standalone_bsp_0/microblaze_0/lib -mlittle-endian -mxl-barrel-shift -mxl-pattern-compare -mcpu=v8.50.c -mno-xl-soft-mul -Wl,--no-relax -Wl,--gc-sections -o "mysnack.elf"  ./src/snake.o   -Wl,--start-group,-lxil,-lgcc,-lc,--end-group
'Finished building target: mysnack.elf'
' '
'Invoking: MicroBlaze Print Size'
mb-size mysnack.elf  |tee "mysnack.elf.size"
   text	   data	    bss	    dec	    hex	filename
 450744	   2576	   2400	 455720	  6f428	mysnack.elf
'Finished building: mysnack.elf.size'
' '
'Invoking: Xilinx ELF Check'
elfcheck mysnack.elf -hw ../../Snake_New_hw_platform/system.xml -pe microblaze_0  |tee "mysnack.elf.elfcheck"
elfcheck
Xilinx EDK 14.7 Build EDK_P.20131013
Copyright (c) 1995-2012 Xilinx, Inc.  All rights reserved.

Command Line: elfcheck -hw ../../Snake_New_hw_platform/system.xml -pe
microblaze_0 mysnack.elf 

ELF file	: mysnack.elf
elfcheck passed.
'Finished building: mysnack.elf.elfcheck'
' '
19:00:08 **** Auto Build of project standalone_bsp_0 ****
make -k all 
'Finished building libraries'
19:00:09 **** Incremental Build of configuration Debug for project mysnack ****
make all 
make: Nothing to be done for `all'.
19:00:10 **** Incremental Build of configuration Debug for project Snake ****
make all 
make: Nothing to be done for `all'.
19:21:22 **** Auto Build of project standalone_bsp_0 ****
make -k all 
'Finished building libraries'
19:21:23 **** Incremental Build of configuration Debug for project mysnack ****
make all 
make: Nothing to be done for `all'.
19:21:24 **** Incremental Build of configuration Debug for project Snake ****
make all 
make: Nothing to be done for `all'.
